[DL-PEER-BATCH] start=2026-08-19 10:17:34
[DL-PEER-BATCH] models=src/run_dl_peer_legacy_cnnlstm.py src/run_dl_peer_legacy_seq2seq.py src/run_dl_peer_cnnlstm.py src/run_dl_peer_gru.py src/run_dl_peer_transformer.py src/run_dl_peer_tcn.py src/run_dl_peer_retnet.py
[DL-PEER-BATCH] args=--grid-preset smoke --max-rows 120 --n-target-households 1 --cv-splits 5 --cv-type kfold --fit-verbose 0 --results-dir results/dl_peer_grid_cv_smoke_all --no-resume
[DL-PEER-BATCH] log_file=results/runtime/dl_peer_grid_batch_20260819_101734.log
============================================================
[DL-PEER] Running src/run_dl_peer_legacy_cnnlstm.py at 2026-08-19 10:17:35
============================================================
/Users/labq_s.h.ryu/repo_ClusterBoost_Energy/.venv/lib/python3.9/site-packages/urllib3/__init__.py:35: NotOpenSSLWarning: urllib3 v2 only supports OpenSSL 1.1.1+, currently the 'ssl' module is compiled with 'LibreSSL 2.8.3'. See: https://github.com/urllib3/urllib3/issues/3020
  warnings.warn(
2026-08-19 10:17:39.295821: W external/local_tsl/tsl/platform/profile_utils/cpu_utils.cc:145] Failed to get CPU frequency: 0 Hz
WARNING:tensorflow:5 out of the last 5 calls to <function Model.make_train_function.<locals>.train_function at 0x1363bc1f0> triggered tf.function retracing. Tracing is expensive and the excessive number of tracings could be due to (1) creating @tf.function repeatedly in a loop, (2) passing tensors with different shapes, (3) passing Python objects instead of tensors. For (1), please define your @tf.function outside of the loop. For (2), @tf.function has reduce_retracing=True option that can avoid unnecessary retracing. For (3), please refer to https://www.tensorflow.org/guide/function#controlling_retracing and https://www.tensorflow.org/api_docs/python/tf/function for  more details.
WARNING:tensorflow:5 out of the last 5 calls to <function Model.make_test_function.<locals>.test_function at 0x13546d790> triggered tf.function retracing. Tracing is expensive and the excessive number of tracings could be due to (1) creating @tf.function repeatedly in a loop, (2) passing tensors with different shapes, (3) passing Python objects instead of tensors. For (1), please define your @tf.function outside of the loop. For (2), @tf.function has reduce_retracing=True option that can avoid unnecessary retracing. For (3), please refer to https://www.tensorflow.org/guide/function#controlling_retracing and https://www.tensorflow.org/api_docs/python/tf/function for  more details.
WARNING:tensorflow:5 out of the last 5 calls to <function Model.make_predict_function.<locals>.predict_function at 0x1348f3310> triggered tf.function retracing. Tracing is expensive and the excessive number of tracings could be due to (1) creating @tf.function repeatedly in a loop, (2) passing tensors with different shapes, (3) passing Python objects instead of tensors. For (1), please define your @tf.function outside of the loop. For (2), @tf.function has reduce_retracing=True option that can avoid unnecessary retracing. For (3), please refer to https://www.tensorflow.org/guide/function#controlling_retracing and https://www.tensorflow.org/api_docs/python/tf/function for  more details.
[PLAN] model=Legacy1DCNNLSTM targets=1 param_combos=1 cv=5
  plan: results/dl_peer_grid_cv_smoke_all/dl_peer_legacy1dcnnlstm_plan.csv
  contract: results/dl_peer_grid_cv_smoke_all/dl_peer_legacy1dcnnlstm_feature_contract.json
[CV] model=Legacy1DCNNLSTM target=ELEC_1-8-4 combo=1/1 fold=1/5 params={'batch_size': 256, 'epochs': 1, 'learning_rate': 0.001, 'loss': 'huber', 'patience': 1, 'seq_len': 3}
[CV] model=Legacy1DCNNLSTM target=ELEC_1-8-4 combo=1/1 fold=2/5 params={'batch_size': 256, 'epochs': 1, 'learning_rate': 0.001, 'loss': 'huber', 'patience': 1, 'seq_len': 3}
[CV] model=Legacy1DCNNLSTM target=ELEC_1-8-4 combo=1/1 fold=3/5 params={'batch_size': 256, 'epochs': 1, 'learning_rate': 0.001, 'loss': 'huber', 'patience': 1, 'seq_len': 3}
[CV] model=Legacy1DCNNLSTM target=ELEC_1-8-4 combo=1/1 fold=4/5 params={'batch_size': 256, 'epochs': 1, 'learning_rate': 0.001, 'loss': 'huber', 'patience': 1, 'seq_len': 3}
[CV] model=Legacy1DCNNLSTM target=ELEC_1-8-4 combo=1/1 fold=5/5 params={'batch_size': 256, 'epochs': 1, 'learning_rate': 0.001, 'loss': 'huber', 'patience': 1, 'seq_len': 3}
[CHECKPOINT] detail: results/dl_peer_grid_cv_smoke_all/dl_peer_legacy1dcnnlstm_fold_metrics.csv
[DONE] model=Legacy1DCNNLSTM
  detail: results/dl_peer_grid_cv_smoke_all/dl_peer_legacy1dcnnlstm_fold_metrics.csv
  grid  : results/dl_peer_grid_cv_smoke_all/dl_peer_legacy1dcnnlstm_grid_summary.csv
  best  : results/dl_peer_grid_cv_smoke_all/dl_peer_legacy1dcnnlstm_best_summary.csv
No supported GPU was found.
============================================================
[DL-PEER] Running src/run_dl_peer_legacy_seq2seq.py at 2026-08-19 10:17:54
============================================================
/Users/labq_s.h.ryu/repo_ClusterBoost_Energy/.venv/lib/python3.9/site-packages/urllib3/__init__.py:35: NotOpenSSLWarning: urllib3 v2 only supports OpenSSL 1.1.1+, currently the 'ssl' module is compiled with 'LibreSSL 2.8.3'. See: https://github.com/urllib3/urllib3/issues/3020
  warnings.warn(
2026-08-19 10:18:02.774018: W external/local_tsl/tsl/platform/profile_utils/cpu_utils.cc:145] Failed to get CPU frequency: 0 Hz
WARNING:tensorflow:5 out of the last 5 calls to <function Model.make_train_function.<locals>.train_function at 0x131df8ca0> triggered tf.function retracing. Tracing is expensive and the excessive number of tracings could be due to (1) creating @tf.function repeatedly in a loop, (2) passing tensors with different shapes, (3) passing Python objects instead of tensors. For (1), please define your @tf.function outside of the loop. For (2), @tf.function has reduce_retracing=True option that can avoid unnecessary retracing. For (3), please refer to https://www.tensorflow.org/guide/function#controlling_retracing and https://www.tensorflow.org/api_docs/python/tf/function for  more details.
WARNING:tensorflow:5 out of the last 5 calls to <function Model.make_test_function.<locals>.test_function at 0x133582dc0> triggered tf.function retracing. Tracing is expensive and the excessive number of tracings could be due to (1) creating @tf.function repeatedly in a loop, (2) passing tensors with different shapes, (3) passing Python objects instead of tensors. For (1), please define your @tf.function outside of the loop. For (2), @tf.function has reduce_retracing=True option that can avoid unnecessary retracing. For (3), please refer to https://www.tensorflow.org/guide/function#controlling_retracing and https://www.tensorflow.org/api_docs/python/tf/function for  more details.
WARNING:tensorflow:5 out of the last 5 calls to <function Model.make_predict_function.<locals>.predict_function at 0x133ce0280> triggered tf.function retracing. Tracing is expensive and the excessive number of tracings could be due to (1) creating @tf.function repeatedly in a loop, (2) passing tensors with different shapes, (3) passing Python objects instead of tensors. For (1), please define your @tf.function outside of the loop. For (2), @tf.function has reduce_retracing=True option that can avoid unnecessary retracing. For (3), please refer to https://www.tensorflow.org/guide/function#controlling_retracing and https://www.tensorflow.org/api_docs/python/tf/function for  more details.
[PLAN] model=Legacy1DCNNSeq2Seq targets=1 param_combos=1 cv=5
  plan: results/dl_peer_grid_cv_smoke_all/dl_peer_legacy1dcnnseq2seq_plan.csv
  contract: results/dl_peer_grid_cv_smoke_all/dl_peer_legacy1dcnnseq2seq_feature_contract.json
[CV] model=Legacy1DCNNSeq2Seq target=ELEC_1-8-4 combo=1/1 fold=1/5 params={'batch_size': 256, 'epochs': 1, 'learning_rate': 0.001, 'loss': 'huber', 'patience': 1, 'seq_len': 3}
[CV] model=Legacy1DCNNSeq2Seq target=ELEC_1-8-4 combo=1/1 fold=2/5 params={'batch_size': 256, 'epochs': 1, 'learning_rate': 0.001, 'loss': 'huber', 'patience': 1, 'seq_len': 3}
[CV] model=Legacy1DCNNSeq2Seq target=ELEC_1-8-4 combo=1/1 fold=3/5 params={'batch_size': 256, 'epochs': 1, 'learning_rate': 0.001, 'loss': 'huber', 'patience': 1, 'seq_len': 3}
[CV] model=Legacy1DCNNSeq2Seq target=ELEC_1-8-4 combo=1/1 fold=4/5 params={'batch_size': 256, 'epochs': 1, 'learning_rate': 0.001, 'loss': 'huber', 'patience': 1, 'seq_len': 3}
[CV] model=Legacy1DCNNSeq2Seq target=ELEC_1-8-4 combo=1/1 fold=5/5 params={'batch_size': 256, 'epochs': 1, 'learning_rate': 0.001, 'loss': 'huber', 'patience': 1, 'seq_len': 3}
[CHECKPOINT] detail: results/dl_peer_grid_cv_smoke_all/dl_peer_legacy1dcnnseq2seq_fold_metrics.csv
[DONE] model=Legacy1DCNNSeq2Seq
  detail: results/dl_peer_grid_cv_smoke_all/dl_peer_legacy1dcnnseq2seq_fold_metrics.csv
  grid  : results/dl_peer_grid_cv_smoke_all/dl_peer_legacy1dcnnseq2seq_grid_summary.csv
  best  : results/dl_peer_grid_cv_smoke_all/dl_peer_legacy1dcnnseq2seq_best_summary.csv
No supported GPU was found.
============================================================
[DL-PEER] Running src/run_dl_peer_cnnlstm.py at 2026-08-19 10:18:20
============================================================
/Users/labq_s.h.ryu/repo_ClusterBoost_Energy/.venv/lib/python3.9/site-packages/urllib3/__init__.py:35: NotOpenSSLWarning: urllib3 v2 only supports OpenSSL 1.1.1+, currently the 'ssl' module is compiled with 'LibreSSL 2.8.3'. See: https://github.com/urllib3/urllib3/issues/3020
  warnings.warn(
2026-08-19 10:18:27.002479: W external/local_tsl/tsl/platform/profile_utils/cpu_utils.cc:145] Failed to get CPU frequency: 0 Hz
WARNING:tensorflow:5 out of the last 5 calls to <function Model.make_train_function.<locals>.train_function at 0x135072820> triggered tf.function retracing. Tracing is expensive and the excessive number of tracings could be due to (1) creating @tf.function repeatedly in a loop, (2) passing tensors with different shapes, (3) passing Python objects instead of tensors. For (1), please define your @tf.function outside of the loop. For (2), @tf.function has reduce_retracing=True option that can avoid unnecessary retracing. For (3), please refer to https://www.tensorflow.org/guide/function#controlling_retracing and https://www.tensorflow.org/api_docs/python/tf/function for  more details.
WARNING:tensorflow:5 out of the last 5 calls to <function Model.make_test_function.<locals>.test_function at 0x135407790> triggered tf.function retracing. Tracing is expensive and the excessive number of tracings could be due to (1) creating @tf.function repeatedly in a loop, (2) passing tensors with different shapes, (3) passing Python objects instead of tensors. For (1), please define your @tf.function outside of the loop. For (2), @tf.function has reduce_retracing=True option that can avoid unnecessary retracing. For (3), please refer to https://www.tensorflow.org/guide/function#controlling_retracing and https://www.tensorflow.org/api_docs/python/tf/function for  more details.
WARNING:tensorflow:5 out of the last 5 calls to <function Model.make_predict_function.<locals>.predict_function at 0x135819af0> triggered tf.function retracing. Tracing is expensive and the excessive number of tracings could be due to (1) creating @tf.function repeatedly in a loop, (2) passing tensors with different shapes, (3) passing Python objects instead of tensors. For (1), please define your @tf.function outside of the loop. For (2), @tf.function has reduce_retracing=True option that can avoid unnecessary retracing. For (3), please refer to https://www.tensorflow.org/guide/function#controlling_retracing and https://www.tensorflow.org/api_docs/python/tf/function for  more details.
[PLAN] model=1D_CNN_LSTM targets=1 param_combos=1 cv=5
  plan: results/dl_peer_grid_cv_smoke_all/dl_peer_1d_cnn_lstm_plan.csv
  contract: results/dl_peer_grid_cv_smoke_all/dl_peer_1d_cnn_lstm_feature_contract.json
[CV] model=1D_CNN_LSTM target=ELEC_1-8-4 combo=1/1 fold=1/5 params={'batch_size': 256, 'epochs': 1, 'learning_rate': 0.001, 'loss': 'huber', 'patience': 1, 'seq_len': 3}
[CV] model=1D_CNN_LSTM target=ELEC_1-8-4 combo=1/1 fold=2/5 params={'batch_size': 256, 'epochs': 1, 'learning_rate': 0.001, 'loss': 'huber', 'patience': 1, 'seq_len': 3}
[CV] model=1D_CNN_LSTM target=ELEC_1-8-4 combo=1/1 fold=3/5 params={'batch_size': 256, 'epochs': 1, 'learning_rate': 0.001, 'loss': 'huber', 'patience': 1, 'seq_len': 3}
[CV] model=1D_CNN_LSTM target=ELEC_1-8-4 combo=1/1 fold=4/5 params={'batch_size': 256, 'epochs': 1, 'learning_rate': 0.001, 'loss': 'huber', 'patience': 1, 'seq_len': 3}
[CV] model=1D_CNN_LSTM target=ELEC_1-8-4 combo=1/1 fold=5/5 params={'batch_size': 256, 'epochs': 1, 'learning_rate': 0.001, 'loss': 'huber', 'patience': 1, 'seq_len': 3}
[CHECKPOINT] detail: results/dl_peer_grid_cv_smoke_all/dl_peer_1d_cnn_lstm_fold_metrics.csv
[DONE] model=1D_CNN_LSTM
  detail: results/dl_peer_grid_cv_smoke_all/dl_peer_1d_cnn_lstm_fold_metrics.csv
  grid  : results/dl_peer_grid_cv_smoke_all/dl_peer_1d_cnn_lstm_grid_summary.csv
  best  : results/dl_peer_grid_cv_smoke_all/dl_peer_1d_cnn_lstm_best_summary.csv
No supported GPU was found.
============================================================
[DL-PEER] Running src/run_dl_peer_gru.py at 2026-08-19 10:18:35
============================================================
/Users/labq_s.h.ryu/repo_ClusterBoost_Energy/.venv/lib/python3.9/site-packages/urllib3/__init__.py:35: NotOpenSSLWarning: urllib3 v2 only supports OpenSSL 1.1.1+, currently the 'ssl' module is compiled with 'LibreSSL 2.8.3'. See: https://github.com/urllib3/urllib3/issues/3020
  warnings.warn(
2026-08-19 10:18:38.849607: W external/local_tsl/tsl/platform/profile_utils/cpu_utils.cc:145] Failed to get CPU frequency: 0 Hz
WARNING:tensorflow:5 out of the last 5 calls to <function Model.make_train_function.<locals>.train_function at 0x12e9578b0> triggered tf.function retracing. Tracing is expensive and the excessive number of tracings could be due to (1) creating @tf.function repeatedly in a loop, (2) passing tensors with different shapes, (3) passing Python objects instead of tensors. For (1), please define your @tf.function outside of the loop. For (2), @tf.function has reduce_retracing=True option that can avoid unnecessary retracing. For (3), please refer to https://www.tensorflow.org/guide/function#controlling_retracing and https://www.tensorflow.org/api_docs/python/tf/function for  more details.
WARNING:tensorflow:5 out of the last 5 calls to <function Model.make_test_function.<locals>.test_function at 0x12e9b6700> triggered tf.function retracing. Tracing is expensive and the excessive number of tracings could be due to (1) creating @tf.function repeatedly in a loop, (2) passing tensors with different shapes, (3) passing Python objects instead of tensors. For (1), please define your @tf.function outside of the loop. For (2), @tf.function has reduce_retracing=True option that can avoid unnecessary retracing. For (3), please refer to https://www.tensorflow.org/guide/function#controlling_retracing and https://www.tensorflow.org/api_docs/python/tf/function for  more details.
WARNING:tensorflow:5 out of the last 5 calls to <function Model.make_predict_function.<locals>.predict_function at 0x13121aca0> triggered tf.function retracing. Tracing is expensive and the excessive number of tracings could be due to (1) creating @tf.function repeatedly in a loop, (2) passing tensors with different shapes, (3) passing Python objects instead of tensors. For (1), please define your @tf.function outside of the loop. For (2), @tf.function has reduce_retracing=True option that can avoid unnecessary retracing. For (3), please refer to https://www.tensorflow.org/guide/function#controlling_retracing and https://www.tensorflow.org/api_docs/python/tf/function for  more details.
[PLAN] model=GRU targets=1 param_combos=1 cv=5
  plan: results/dl_peer_grid_cv_smoke_all/dl_peer_gru_plan.csv
  contract: results/dl_peer_grid_cv_smoke_all/dl_peer_gru_feature_contract.json
[CV] model=GRU target=ELEC_1-8-4 combo=1/1 fold=1/5 params={'batch_size': 256, 'epochs': 1, 'learning_rate': 0.001, 'loss': 'huber', 'patience': 1, 'seq_len': 3}
[CV] model=GRU target=ELEC_1-8-4 combo=1/1 fold=2/5 params={'batch_size': 256, 'epochs': 1, 'learning_rate': 0.001, 'loss': 'huber', 'patience': 1, 'seq_len': 3}
[CV] model=GRU target=ELEC_1-8-4 combo=1/1 fold=3/5 params={'batch_size': 256, 'epochs': 1, 'learning_rate': 0.001, 'loss': 'huber', 'patience': 1, 'seq_len': 3}
[CV] model=GRU target=ELEC_1-8-4 combo=1/1 fold=4/5 params={'batch_size': 256, 'epochs': 1, 'learning_rate': 0.001, 'loss': 'huber', 'patience': 1, 'seq_len': 3}
[CV] model=GRU target=ELEC_1-8-4 combo=1/1 fold=5/5 params={'batch_size': 256, 'epochs': 1, 'learning_rate': 0.001, 'loss': 'huber', 'patience': 1, 'seq_len': 3}
[CHECKPOINT] detail: results/dl_peer_grid_cv_smoke_all/dl_peer_gru_fold_metrics.csv
[DONE] model=GRU
  detail: results/dl_peer_grid_cv_smoke_all/dl_peer_gru_fold_metrics.csv
  grid  : results/dl_peer_grid_cv_smoke_all/dl_peer_gru_grid_summary.csv
  best  : results/dl_peer_grid_cv_smoke_all/dl_peer_gru_best_summary.csv
No supported GPU was found.
============================================================
[DL-PEER] Running src/run_dl_peer_transformer.py at 2026-08-19 10:18:49
============================================================
/Users/labq_s.h.ryu/repo_ClusterBoost_Energy/.venv/lib/python3.9/site-packages/urllib3/__init__.py:35: NotOpenSSLWarning: urllib3 v2 only supports OpenSSL 1.1.1+, currently the 'ssl' module is compiled with 'LibreSSL 2.8.3'. See: https://github.com/urllib3/urllib3/issues/3020
  warnings.warn(
2026-08-19 10:18:52.628875: W external/local_tsl/tsl/platform/profile_utils/cpu_utils.cc:145] Failed to get CPU frequency: 0 Hz
WARNING:tensorflow:5 out of the last 5 calls to <function Model.make_train_function.<locals>.train_function at 0x1322b7ca0> triggered tf.function retracing. Tracing is expensive and the excessive number of tracings could be due to (1) creating @tf.function repeatedly in a loop, (2) passing tensors with different shapes, (3) passing Python objects instead of tensors. For (1), please define your @tf.function outside of the loop. For (2), @tf.function has reduce_retracing=True option that can avoid unnecessary retracing. For (3), please refer to https://www.tensorflow.org/guide/function#controlling_retracing and https://www.tensorflow.org/api_docs/python/tf/function for  more details.
WARNING:tensorflow:5 out of the last 5 calls to <function Model.make_test_function.<locals>.test_function at 0x131d2b3a0> triggered tf.function retracing. Tracing is expensive and the excessive number of tracings could be due to (1) creating @tf.function repeatedly in a loop, (2) passing tensors with different shapes, (3) passing Python objects instead of tensors. For (1), please define your @tf.function outside of the loop. For (2), @tf.function has reduce_retracing=True option that can avoid unnecessary retracing. For (3), please refer to https://www.tensorflow.org/guide/function#controlling_retracing and https://www.tensorflow.org/api_docs/python/tf/function for  more details.
WARNING:tensorflow:5 out of the last 5 calls to <function Model.make_predict_function.<locals>.predict_function at 0x133c78ca0> triggered tf.function retracing. Tracing is expensive and the excessive number of tracings could be due to (1) creating @tf.function repeatedly in a loop, (2) passing tensors with different shapes, (3) passing Python objects instead of tensors. For (1), please define your @tf.function outside of the loop. For (2), @tf.function has reduce_retracing=True option that can avoid unnecessary retracing. For (3), please refer to https://www.tensorflow.org/guide/function#controlling_retracing and https://www.tensorflow.org/api_docs/python/tf/function for  more details.
[PLAN] model=Transformer targets=1 param_combos=1 cv=5
  plan: results/dl_peer_grid_cv_smoke_all/dl_peer_transformer_plan.csv
  contract: results/dl_peer_grid_cv_smoke_all/dl_peer_transformer_feature_contract.json
[CV] model=Transformer target=ELEC_1-8-4 combo=1/1 fold=1/5 params={'batch_size': 256, 'epochs': 1, 'learning_rate': 0.001, 'loss': 'huber', 'patience': 1, 'seq_len': 3}
[CV] model=Transformer target=ELEC_1-8-4 combo=1/1 fold=2/5 params={'batch_size': 256, 'epochs': 1, 'learning_rate': 0.001, 'loss': 'huber', 'patience': 1, 'seq_len': 3}
[CV] model=Transformer target=ELEC_1-8-4 combo=1/1 fold=3/5 params={'batch_size': 256, 'epochs': 1, 'learning_rate': 0.001, 'loss': 'huber', 'patience': 1, 'seq_len': 3}
[CV] model=Transformer target=ELEC_1-8-4 combo=1/1 fold=4/5 params={'batch_size': 256, 'epochs': 1, 'learning_rate': 0.001, 'loss': 'huber', 'patience': 1, 'seq_len': 3}
[CV] model=Transformer target=ELEC_1-8-4 combo=1/1 fold=5/5 params={'batch_size': 256, 'epochs': 1, 'learning_rate': 0.001, 'loss': 'huber', 'patience': 1, 'seq_len': 3}
[CHECKPOINT] detail: results/dl_peer_grid_cv_smoke_all/dl_peer_transformer_fold_metrics.csv
[DONE] model=Transformer
  detail: results/dl_peer_grid_cv_smoke_all/dl_peer_transformer_fold_metrics.csv
  grid  : results/dl_peer_grid_cv_smoke_all/dl_peer_transformer_grid_summary.csv
  best  : results/dl_peer_grid_cv_smoke_all/dl_peer_transformer_best_summary.csv
No supported GPU was found.
============================================================
[DL-PEER] Running src/run_dl_peer_tcn.py at 2026-08-19 10:18:58
============================================================
/Users/labq_s.h.ryu/repo_ClusterBoost_Energy/.venv/lib/python3.9/site-packages/urllib3/__init__.py:35: NotOpenSSLWarning: urllib3 v2 only supports OpenSSL 1.1.1+, currently the 'ssl' module is compiled with 'LibreSSL 2.8.3'. See: https://github.com/urllib3/urllib3/issues/3020
  warnings.warn(
2026-08-19 10:19:01.456335: W external/local_tsl/tsl/platform/profile_utils/cpu_utils.cc:145] Failed to get CPU frequency: 0 Hz
WARNING:tensorflow:5 out of the last 5 calls to <function Model.make_train_function.<locals>.train_function at 0x12e2f7430> triggered tf.function retracing. Tracing is expensive and the excessive number of tracings could be due to (1) creating @tf.function repeatedly in a loop, (2) passing tensors with different shapes, (3) passing Python objects instead of tensors. For (1), please define your @tf.function outside of the loop. For (2), @tf.function has reduce_retracing=True option that can avoid unnecessary retracing. For (3), please refer to https://www.tensorflow.org/guide/function#controlling_retracing and https://www.tensorflow.org/api_docs/python/tf/function for  more details.
WARNING:tensorflow:5 out of the last 5 calls to <function Model.make_test_function.<locals>.test_function at 0x12d6df430> triggered tf.function retracing. Tracing is expensive and the excessive number of tracings could be due to (1) creating @tf.function repeatedly in a loop, (2) passing tensors with different shapes, (3) passing Python objects instead of tensors. For (1), please define your @tf.function outside of the loop. For (2), @tf.function has reduce_retracing=True option that can avoid unnecessary retracing. For (3), please refer to https://www.tensorflow.org/guide/function#controlling_retracing and https://www.tensorflow.org/api_docs/python/tf/function for  more details.
WARNING:tensorflow:5 out of the last 5 calls to <function Model.make_predict_function.<locals>.predict_function at 0x130024ca0> triggered tf.function retracing. Tracing is expensive and the excessive number of tracings could be due to (1) creating @tf.function repeatedly in a loop, (2) passing tensors with different shapes, (3) passing Python objects instead of tensors. For (1), please define your @tf.function outside of the loop. For (2), @tf.function has reduce_retracing=True option that can avoid unnecessary retracing. For (3), please refer to https://www.tensorflow.org/guide/function#controlling_retracing and https://www.tensorflow.org/api_docs/python/tf/function for  more details.
[PLAN] model=TCN targets=1 param_combos=1 cv=5
  plan: results/dl_peer_grid_cv_smoke_all/dl_peer_tcn_plan.csv
  contract: results/dl_peer_grid_cv_smoke_all/dl_peer_tcn_feature_contract.json
[CV] model=TCN target=ELEC_1-8-4 combo=1/1 fold=1/5 params={'batch_size': 256, 'epochs': 1, 'learning_rate': 0.001, 'loss': 'huber', 'patience': 1, 'seq_len': 3}
[CV] model=TCN target=ELEC_1-8-4 combo=1/1 fold=2/5 params={'batch_size': 256, 'epochs': 1, 'learning_rate': 0.001, 'loss': 'huber', 'patience': 1, 'seq_len': 3}
[CV] model=TCN target=ELEC_1-8-4 combo=1/1 fold=3/5 params={'batch_size': 256, 'epochs': 1, 'learning_rate': 0.001, 'loss': 'huber', 'patience': 1, 'seq_len': 3}
[CV] model=TCN target=ELEC_1-8-4 combo=1/1 fold=4/5 params={'batch_size': 256, 'epochs': 1, 'learning_rate': 0.001, 'loss': 'huber', 'patience': 1, 'seq_len': 3}
[CV] model=TCN target=ELEC_1-8-4 combo=1/1 fold=5/5 params={'batch_size': 256, 'epochs': 1, 'learning_rate': 0.001, 'loss': 'huber', 'patience': 1, 'seq_len': 3}
[CHECKPOINT] detail: results/dl_peer_grid_cv_smoke_all/dl_peer_tcn_fold_metrics.csv
[DONE] model=TCN
  detail: results/dl_peer_grid_cv_smoke_all/dl_peer_tcn_fold_metrics.csv
  grid  : results/dl_peer_grid_cv_smoke_all/dl_peer_tcn_grid_summary.csv
  best  : results/dl_peer_grid_cv_smoke_all/dl_peer_tcn_best_summary.csv
No supported GPU was found.
============================================================
[DL-PEER] Running src/run_dl_peer_retnet.py at 2026-08-19 10:19:12
============================================================
/Users/labq_s.h.ryu/repo_ClusterBoost_Energy/.venv/lib/python3.9/site-packages/urllib3/__init__.py:35: NotOpenSSLWarning: urllib3 v2 only supports OpenSSL 1.1.1+, currently the 'ssl' module is compiled with 'LibreSSL 2.8.3'. See: https://github.com/urllib3/urllib3/issues/3020
  warnings.warn(
2026-08-19 10:19:15.606617: W external/local_tsl/tsl/platform/profile_utils/cpu_utils.cc:145] Failed to get CPU frequency: 0 Hz
WARNING:tensorflow:5 out of the last 5 calls to <function Model.make_train_function.<locals>.train_function at 0x1329e4b80> triggered tf.function retracing. Tracing is expensive and the excessive number of tracings could be due to (1) creating @tf.function repeatedly in a loop, (2) passing tensors with different shapes, (3) passing Python objects instead of tensors. For (1), please define your @tf.function outside of the loop. For (2), @tf.function has reduce_retracing=True option that can avoid unnecessary retracing. For (3), please refer to https://www.tensorflow.org/guide/function#controlling_retracing and https://www.tensorflow.org/api_docs/python/tf/function for  more details.
WARNING:tensorflow:5 out of the last 5 calls to <function Model.make_test_function.<locals>.test_function at 0x135fdeb80> triggered tf.function retracing. Tracing is expensive and the excessive number of tracings could be due to (1) creating @tf.function repeatedly in a loop, (2) passing tensors with different shapes, (3) passing Python objects instead of tensors. For (1), please define your @tf.function outside of the loop. For (2), @tf.function has reduce_retracing=True option that can avoid unnecessary retracing. For (3), please refer to https://www.tensorflow.org/guide/function#controlling_retracing and https://www.tensorflow.org/api_docs/python/tf/function for  more details.
WARNING:tensorflow:5 out of the last 5 calls to <function Model.make_predict_function.<locals>.predict_function at 0x1361551f0> triggered tf.function retracing. Tracing is expensive and the excessive number of tracings could be due to (1) creating @tf.function repeatedly in a loop, (2) passing tensors with different shapes, (3) passing Python objects instead of tensors. For (1), please define your @tf.function outside of the loop. For (2), @tf.function has reduce_retracing=True option that can avoid unnecessary retracing. For (3), please refer to https://www.tensorflow.org/guide/function#controlling_retracing and https://www.tensorflow.org/api_docs/python/tf/function for  more details.
[PLAN] model=RetNet targets=1 param_combos=1 cv=5
  plan: results/dl_peer_grid_cv_smoke_all/dl_peer_retnet_plan.csv
  contract: results/dl_peer_grid_cv_smoke_all/dl_peer_retnet_feature_contract.json
[CV] model=RetNet target=ELEC_1-8-4 combo=1/1 fold=1/5 params={'batch_size': 256, 'epochs': 1, 'learning_rate': 0.001, 'loss': 'huber', 'patience': 1, 'seq_len': 3}
[CV] model=RetNet target=ELEC_1-8-4 combo=1/1 fold=2/5 params={'batch_size': 256, 'epochs': 1, 'learning_rate': 0.001, 'loss': 'huber', 'patience': 1, 'seq_len': 3}
[CV] model=RetNet target=ELEC_1-8-4 combo=1/1 fold=3/5 params={'batch_size': 256, 'epochs': 1, 'learning_rate': 0.001, 'loss': 'huber', 'patience': 1, 'seq_len': 3}
[CV] model=RetNet target=ELEC_1-8-4 combo=1/1 fold=4/5 params={'batch_size': 256, 'epochs': 1, 'learning_rate': 0.001, 'loss': 'huber', 'patience': 1, 'seq_len': 3}
[CV] model=RetNet target=ELEC_1-8-4 combo=1/1 fold=5/5 params={'batch_size': 256, 'epochs': 1, 'learning_rate': 0.001, 'loss': 'huber', 'patience': 1, 'seq_len': 3}
[CHECKPOINT] detail: results/dl_peer_grid_cv_smoke_all/dl_peer_retnet_fold_metrics.csv
[DONE] model=RetNet
  detail: results/dl_peer_grid_cv_smoke_all/dl_peer_retnet_fold_metrics.csv
  grid  : results/dl_peer_grid_cv_smoke_all/dl_peer_retnet_grid_summary.csv
  best  : results/dl_peer_grid_cv_smoke_all/dl_peer_retnet_best_summary.csv
No supported GPU was found.
[DL-PEER-BATCH] end=2026-08-19 10:19:24 status=success
