[DL-PEER-BATCH] start=2026-08-28 14:29:16
[DL-PEER-BATCH] models=src/run_dl_peer_legacy_cnnlstm.py src/run_dl_peer_legacy_seq2seq.py src/run_dl_peer_cnnlstm.py src/run_dl_peer_gru.py src/run_dl_peer_transformer.py src/run_dl_peer_tcn.py src/run_dl_peer_retnet.py
[DL-PEER-BATCH] args=--grid-preset small --n-target-households 3 --cv-splits 5 --cv-type kfold
[DL-PEER-BATCH] log_file=results/runtime/dl_peer_grid_batch_20260828_142916.log
============================================================
[DL-PEER] Running src/run_dl_peer_legacy_cnnlstm.py at 2026-08-28 14:29:16
============================================================
/Users/labq_s.h.ryu/repo_ClusterBoost_Energy/.venv/lib/python3.9/site-packages/urllib3/__init__.py:35: NotOpenSSLWarning: urllib3 v2 only supports OpenSSL 1.1.1+, currently the 'ssl' module is compiled with 'LibreSSL 2.8.3'. See: https://github.com/urllib3/urllib3/issues/3020
  warnings.warn(
2026-08-28 14:29:21.033691: I metal_plugin/src/device/metal_device.cc:1154] Metal device set to: Apple M4
2026-08-28 14:29:21.033740: I metal_plugin/src/device/metal_device.cc:296] systemMemory: 24.00 GB
2026-08-28 14:29:21.033749: I metal_plugin/src/device/metal_device.cc:313] maxCacheSize: 8.88 GB
2026-08-28 14:29:21.033774: I tensorflow/core/common_runtime/pluggable_device/pluggable_device_factory.cc:306] Could not identify NUMA node of platform GPU ID 0, defaulting to 0. Your kernel may not have been built with NUMA support.
2026-08-28 14:29:21.033789: I tensorflow/core/common_runtime/pluggable_device/pluggable_device_factory.cc:272] Created TensorFlow device (/job:localhost/replica:0/task:0/device:GPU:0 with 0 MB memory) -> physical PluggableDevice (device: 0, name: METAL, pci bus id: <undefined>)
WARNING:tensorflow:Layer lstm will not use cuDNN kernels since it doesn't meet the criteria. It will use a generic GPU kernel as fallback when running on GPU.
WARNING:tensorflow:Layer lstm_1 will not use cuDNN kernels since it doesn't meet the criteria. It will use a generic GPU kernel as fallback when running on GPU.
WARNING:tensorflow:Layer lstm_2 will not use cuDNN kernels since it doesn't meet the criteria. It will use a generic GPU kernel as fallback when running on GPU.
2026-08-28 14:29:22.893608: I tensorflow/core/grappler/optimizers/custom_graph_optimizer_registry.cc:117] Plugin optimizer for device_type GPU is enabled.
WARNING:tensorflow:Layer lstm will not use cuDNN kernels since it doesn't meet the criteria. It will use a generic GPU kernel as fallback when running on GPU.
WARNING:tensorflow:Layer lstm_1 will not use cuDNN kernels since it doesn't meet the criteria. It will use a generic GPU kernel as fallback when running on GPU.
WARNING:tensorflow:Layer lstm_2 will not use cuDNN kernels since it doesn't meet the criteria. It will use a generic GPU kernel as fallback when running on GPU.
WARNING:tensorflow:Layer lstm will not use cuDNN kernels since it doesn't meet the criteria. It will use a generic GPU kernel as fallback when running on GPU.
WARNING:tensorflow:Layer lstm_1 will not use cuDNN kernels since it doesn't meet the criteria. It will use a generic GPU kernel as fallback when running on GPU.
WARNING:tensorflow:Layer lstm_2 will not use cuDNN kernels since it doesn't meet the criteria. It will use a generic GPU kernel as fallback when running on GPU.
WARNING:tensorflow:Layer lstm will not use cuDNN kernels since it doesn't meet the criteria. It will use a generic GPU kernel as fallback when running on GPU.
WARNING:tensorflow:Layer lstm_1 will not use cuDNN kernels since it doesn't meet the criteria. It will use a generic GPU kernel as fallback when running on GPU.
WARNING:tensorflow:Layer lstm_2 will not use cuDNN kernels since it doesn't meet the criteria. It will use a generic GPU kernel as fallback when running on GPU.
WARNING:tensorflow:Layer lstm will not use cuDNN kernels since it doesn't meet the criteria. It will use a generic GPU kernel as fallback when running on GPU.
WARNING:tensorflow:Layer lstm_1 will not use cuDNN kernels since it doesn't meet the criteria. It will use a generic GPU kernel as fallback when running on GPU.
WARNING:tensorflow:Layer lstm_2 will not use cuDNN kernels since it doesn't meet the criteria. It will use a generic GPU kernel as fallback when running on GPU.
WARNING:tensorflow:Layer lstm will not use cuDNN kernels since it doesn't meet the criteria. It will use a generic GPU kernel as fallback when running on GPU.
WARNING:tensorflow:Layer lstm_1 will not use cuDNN kernels since it doesn't meet the criteria. It will use a generic GPU kernel as fallback when running on GPU.
WARNING:tensorflow:Layer lstm_2 will not use cuDNN kernels since it doesn't meet the criteria. It will use a generic GPU kernel as fallback when running on GPU.
WARNING:tensorflow:Layer lstm will not use cuDNN kernels since it doesn't meet the criteria. It will use a generic GPU kernel as fallback when running on GPU.
WARNING:tensorflow:Layer lstm_1 will not use cuDNN kernels since it doesn't meet the criteria. It will use a generic GPU kernel as fallback when running on GPU.
WARNING:tensorflow:Layer lstm_2 will not use cuDNN kernels since it doesn't meet the criteria. It will use a generic GPU kernel as fallback when running on GPU.
WARNING:tensorflow:Layer lstm will not use cuDNN kernels since it doesn't meet the criteria. It will use a generic GPU kernel as fallback when running on GPU.
WARNING:tensorflow:Layer lstm_1 will not use cuDNN kernels since it doesn't meet the criteria. It will use a generic GPU kernel as fallback when running on GPU.
WARNING:tensorflow:Layer lstm_2 will not use cuDNN kernels since it doesn't meet the criteria. It will use a generic GPU kernel as fallback when running on GPU.
WARNING:tensorflow:Layer lstm will not use cuDNN kernels since it doesn't meet the criteria. It will use a generic GPU kernel as fallback when running on GPU.
WARNING:tensorflow:Layer lstm_1 will not use cuDNN kernels since it doesn't meet the criteria. It will use a generic GPU kernel as fallback when running on GPU.
WARNING:tensorflow:Layer lstm_2 will not use cuDNN kernels since it doesn't meet the criteria. It will use a generic GPU kernel as fallback when running on GPU.
WARNING:tensorflow:Layer lstm will not use cuDNN kernels since it doesn't meet the criteria. It will use a generic GPU kernel as fallback when running on GPU.
WARNING:tensorflow:Layer lstm_1 will not use cuDNN kernels since it doesn't meet the criteria. It will use a generic GPU kernel as fallback when running on GPU.
WARNING:tensorflow:Layer lstm_2 will not use cuDNN kernels since it doesn't meet the criteria. It will use a generic GPU kernel as fallback when running on GPU.
WARNING:tensorflow:Layer lstm will not use cuDNN kernels since it doesn't meet the criteria. It will use a generic GPU kernel as fallback when running on GPU.
WARNING:tensorflow:Layer lstm_1 will not use cuDNN kernels since it doesn't meet the criteria. It will use a generic GPU kernel as fallback when running on GPU.
WARNING:tensorflow:Layer lstm_2 will not use cuDNN kernels since it doesn't meet the criteria. It will use a generic GPU kernel as fallback when running on GPU.
WARNING:tensorflow:Layer lstm will not use cuDNN kernels since it doesn't meet the criteria. It will use a generic GPU kernel as fallback when running on GPU.
WARNING:tensorflow:Layer lstm_1 will not use cuDNN kernels since it doesn't meet the criteria. It will use a generic GPU kernel as fallback when running on GPU.
WARNING:tensorflow:Layer lstm_2 will not use cuDNN kernels since it doesn't meet the criteria. It will use a generic GPU kernel as fallback when running on GPU.
WARNING:tensorflow:Layer lstm will not use cuDNN kernels since it doesn't meet the criteria. It will use a generic GPU kernel as fallback when running on GPU.
WARNING:tensorflow:Layer lstm_1 will not use cuDNN kernels since it doesn't meet the criteria. It will use a generic GPU kernel as fallback when running on GPU.
WARNING:tensorflow:Layer lstm_2 will not use cuDNN kernels since it doesn't meet the criteria. It will use a generic GPU kernel as fallback when running on GPU.
WARNING:tensorflow:Layer lstm will not use cuDNN kernels since it doesn't meet the criteria. It will use a generic GPU kernel as fallback when running on GPU.
WARNING:tensorflow:Layer lstm_1 will not use cuDNN kernels since it doesn't meet the criteria. It will use a generic GPU kernel as fallback when running on GPU.
WARNING:tensorflow:Layer lstm_2 will not use cuDNN kernels since it doesn't meet the criteria. It will use a generic GPU kernel as fallback when running on GPU.
WARNING:tensorflow:Layer lstm will not use cuDNN kernels since it doesn't meet the criteria. It will use a generic GPU kernel as fallback when running on GPU.
WARNING:tensorflow:Layer lstm_1 will not use cuDNN kernels since it doesn't meet the criteria. It will use a generic GPU kernel as fallback when running on GPU.
WARNING:tensorflow:Layer lstm_2 will not use cuDNN kernels since it doesn't meet the criteria. It will use a generic GPU kernel as fallback when running on GPU.
WARNING:tensorflow:Layer lstm will not use cuDNN kernels since it doesn't meet the criteria. It will use a generic GPU kernel as fallback when running on GPU.
WARNING:tensorflow:Layer lstm_1 will not use cuDNN kernels since it doesn't meet the criteria. It will use a generic GPU kernel as fallback when running on GPU.
WARNING:tensorflow:Layer lstm_2 will not use cuDNN kernels since it doesn't meet the criteria. It will use a generic GPU kernel as fallback when running on GPU.
WARNING:tensorflow:Layer lstm will not use cuDNN kernels since it doesn't meet the criteria. It will use a generic GPU kernel as fallback when running on GPU.
WARNING:tensorflow:Layer lstm_1 will not use cuDNN kernels since it doesn't meet the criteria. It will use a generic GPU kernel as fallback when running on GPU.
WARNING:tensorflow:Layer lstm_2 will not use cuDNN kernels since it doesn't meet the criteria. It will use a generic GPU kernel as fallback when running on GPU.
WARNING:tensorflow:Layer lstm will not use cuDNN kernels since it doesn't meet the criteria. It will use a generic GPU kernel as fallback when running on GPU.
WARNING:tensorflow:Layer lstm_1 will not use cuDNN kernels since it doesn't meet the criteria. It will use a generic GPU kernel as fallback when running on GPU.
WARNING:tensorflow:Layer lstm_2 will not use cuDNN kernels since it doesn't meet the criteria. It will use a generic GPU kernel as fallback when running on GPU.
WARNING:tensorflow:Layer lstm will not use cuDNN kernels since it doesn't meet the criteria. It will use a generic GPU kernel as fallback when running on GPU.
WARNING:tensorflow:Layer lstm_1 will not use cuDNN kernels since it doesn't meet the criteria. It will use a generic GPU kernel as fallback when running on GPU.
WARNING:tensorflow:Layer lstm_2 will not use cuDNN kernels since it doesn't meet the criteria. It will use a generic GPU kernel as fallback when running on GPU.
WARNING:tensorflow:Layer lstm will not use cuDNN kernels since it doesn't meet the criteria. It will use a generic GPU kernel as fallback when running on GPU.
WARNING:tensorflow:Layer lstm_1 will not use cuDNN kernels since it doesn't meet the criteria. It will use a generic GPU kernel as fallback when running on GPU.
WARNING:tensorflow:Layer lstm_2 will not use cuDNN kernels since it doesn't meet the criteria. It will use a generic GPU kernel as fallback when running on GPU.
WARNING:tensorflow:Layer lstm will not use cuDNN kernels since it doesn't meet the criteria. It will use a generic GPU kernel as fallback when running on GPU.
WARNING:tensorflow:Layer lstm_1 will not use cuDNN kernels since it doesn't meet the criteria. It will use a generic GPU kernel as fallback when running on GPU.
WARNING:tensorflow:Layer lstm_2 will not use cuDNN kernels since it doesn't meet the criteria. It will use a generic GPU kernel as fallback when running on GPU.
WARNING:tensorflow:Layer lstm will not use cuDNN kernels since it doesn't meet the criteria. It will use a generic GPU kernel as fallback when running on GPU.
WARNING:tensorflow:Layer lstm_1 will not use cuDNN kernels since it doesn't meet the criteria. It will use a generic GPU kernel as fallback when running on GPU.
WARNING:tensorflow:Layer lstm_2 will not use cuDNN kernels since it doesn't meet the criteria. It will use a generic GPU kernel as fallback when running on GPU.
WARNING:tensorflow:Layer lstm will not use cuDNN kernels since it doesn't meet the criteria. It will use a generic GPU kernel as fallback when running on GPU.
WARNING:tensorflow:Layer lstm_1 will not use cuDNN kernels since it doesn't meet the criteria. It will use a generic GPU kernel as fallback when running on GPU.
WARNING:tensorflow:Layer lstm_2 will not use cuDNN kernels since it doesn't meet the criteria. It will use a generic GPU kernel as fallback when running on GPU.
WARNING:tensorflow:Layer lstm will not use cuDNN kernels since it doesn't meet the criteria. It will use a generic GPU kernel as fallback when running on GPU.
WARNING:tensorflow:Layer lstm_1 will not use cuDNN kernels since it doesn't meet the criteria. It will use a generic GPU kernel as fallback when running on GPU.
WARNING:tensorflow:Layer lstm_2 will not use cuDNN kernels since it doesn't meet the criteria. It will use a generic GPU kernel as fallback when running on GPU.
WARNING:tensorflow:Layer lstm will not use cuDNN kernels since it doesn't meet the criteria. It will use a generic GPU kernel as fallback when running on GPU.
WARNING:tensorflow:Layer lstm_1 will not use cuDNN kernels since it doesn't meet the criteria. It will use a generic GPU kernel as fallback when running on GPU.
WARNING:tensorflow:Layer lstm_2 will not use cuDNN kernels since it doesn't meet the criteria. It will use a generic GPU kernel as fallback when running on GPU.
WARNING:tensorflow:Layer lstm will not use cuDNN kernels since it doesn't meet the criteria. It will use a generic GPU kernel as fallback when running on GPU.
WARNING:tensorflow:Layer lstm_1 will not use cuDNN kernels since it doesn't meet the criteria. It will use a generic GPU kernel as fallback when running on GPU.
WARNING:tensorflow:Layer lstm_2 will not use cuDNN kernels since it doesn't meet the criteria. It will use a generic GPU kernel as fallback when running on GPU.
WARNING:tensorflow:Layer lstm will not use cuDNN kernels since it doesn't meet the criteria. It will use a generic GPU kernel as fallback when running on GPU.
WARNING:tensorflow:Layer lstm_1 will not use cuDNN kernels since it doesn't meet the criteria. It will use a generic GPU kernel as fallback when running on GPU.
WARNING:tensorflow:Layer lstm_2 will not use cuDNN kernels since it doesn't meet the criteria. It will use a generic GPU kernel as fallback when running on GPU.
WARNING:tensorflow:Layer lstm will not use cuDNN kernels since it doesn't meet the criteria. It will use a generic GPU kernel as fallback when running on GPU.
WARNING:tensorflow:Layer lstm_1 will not use cuDNN kernels since it doesn't meet the criteria. It will use a generic GPU kernel as fallback when running on GPU.
WARNING:tensorflow:Layer lstm_2 will not use cuDNN kernels since it doesn't meet the criteria. It will use a generic GPU kernel as fallback when running on GPU.
WARNING:tensorflow:Layer lstm will not use cuDNN kernels since it doesn't meet the criteria. It will use a generic GPU kernel as fallback when running on GPU.
WARNING:tensorflow:Layer lstm_1 will not use cuDNN kernels since it doesn't meet the criteria. It will use a generic GPU kernel as fallback when running on GPU.
WARNING:tensorflow:Layer lstm_2 will not use cuDNN kernels since it doesn't meet the criteria. It will use a generic GPU kernel as fallback when running on GPU.
WARNING:tensorflow:Layer lstm will not use cuDNN kernels since it doesn't meet the criteria. It will use a generic GPU kernel as fallback when running on GPU.
WARNING:tensorflow:Layer lstm_1 will not use cuDNN kernels since it doesn't meet the criteria. It will use a generic GPU kernel as fallback when running on GPU.
WARNING:tensorflow:Layer lstm_2 will not use cuDNN kernels since it doesn't meet the criteria. It will use a generic GPU kernel as fallback when running on GPU.
WARNING:tensorflow:Layer lstm will not use cuDNN kernels since it doesn't meet the criteria. It will use a generic GPU kernel as fallback when running on GPU.
WARNING:tensorflow:Layer lstm_1 will not use cuDNN kernels since it doesn't meet the criteria. It will use a generic GPU kernel as fallback when running on GPU.
WARNING:tensorflow:Layer lstm_2 will not use cuDNN kernels since it doesn't meet the criteria. It will use a generic GPU kernel as fallback when running on GPU.
[PLAN] model=Legacy1DCNNLSTM targets=3 param_combos=8 cv=5
  plan: results/dl_peer_grid_cv/dl_peer_legacy1dcnnlstm_plan.csv
  contract: results/dl_peer_grid_cv/dl_peer_legacy1dcnnlstm_feature_contract.json
[SKIP] model=Legacy1DCNNLSTM target=ELEC_3-3-6 combo=1 fold=1
[SKIP] model=Legacy1DCNNLSTM target=ELEC_3-3-6 combo=1 fold=2
[SKIP] model=Legacy1DCNNLSTM target=ELEC_3-3-6 combo=1 fold=3
[SKIP] model=Legacy1DCNNLSTM target=ELEC_3-3-6 combo=1 fold=4
[SKIP] model=Legacy1DCNNLSTM target=ELEC_3-3-6 combo=1 fold=5
[SKIP] model=Legacy1DCNNLSTM target=ELEC_3-3-6 combo=2 fold=1
[SKIP] model=Legacy1DCNNLSTM target=ELEC_3-3-6 combo=2 fold=2
[SKIP] model=Legacy1DCNNLSTM target=ELEC_3-3-6 combo=2 fold=3
[SKIP] model=Legacy1DCNNLSTM target=ELEC_3-3-6 combo=2 fold=4
[SKIP] model=Legacy1DCNNLSTM target=ELEC_3-3-6 combo=2 fold=5
[SKIP] model=Legacy1DCNNLSTM target=ELEC_3-3-6 combo=3 fold=1
[SKIP] model=Legacy1DCNNLSTM target=ELEC_3-3-6 combo=3 fold=2
[SKIP] model=Legacy1DCNNLSTM target=ELEC_3-3-6 combo=3 fold=3
[SKIP] model=Legacy1DCNNLSTM target=ELEC_3-3-6 combo=3 fold=4
[SKIP] model=Legacy1DCNNLSTM target=ELEC_3-3-6 combo=3 fold=5
[SKIP] model=Legacy1DCNNLSTM target=ELEC_3-3-6 combo=4 fold=1
[SKIP] model=Legacy1DCNNLSTM target=ELEC_3-3-6 combo=4 fold=2
[SKIP] model=Legacy1DCNNLSTM target=ELEC_3-3-6 combo=4 fold=3
[SKIP] model=Legacy1DCNNLSTM target=ELEC_3-3-6 combo=4 fold=4
[SKIP] model=Legacy1DCNNLSTM target=ELEC_3-3-6 combo=4 fold=5
[SKIP] model=Legacy1DCNNLSTM target=ELEC_3-3-6 combo=5 fold=1
[SKIP] model=Legacy1DCNNLSTM target=ELEC_3-3-6 combo=5 fold=2
[SKIP] model=Legacy1DCNNLSTM target=ELEC_3-3-6 combo=5 fold=3
[SKIP] model=Legacy1DCNNLSTM target=ELEC_3-3-6 combo=5 fold=4
[SKIP] model=Legacy1DCNNLSTM target=ELEC_3-3-6 combo=5 fold=5
[SKIP] model=Legacy1DCNNLSTM target=ELEC_3-3-6 combo=6 fold=1
[SKIP] model=Legacy1DCNNLSTM target=ELEC_3-3-6 combo=6 fold=2
[SKIP] model=Legacy1DCNNLSTM target=ELEC_3-3-6 combo=6 fold=3
[SKIP] model=Legacy1DCNNLSTM target=ELEC_3-3-6 combo=6 fold=4
[SKIP] model=Legacy1DCNNLSTM target=ELEC_3-3-6 combo=6 fold=5
[SKIP] model=Legacy1DCNNLSTM target=ELEC_3-3-6 combo=7 fold=1
[SKIP] model=Legacy1DCNNLSTM target=ELEC_3-3-6 combo=7 fold=2
[SKIP] model=Legacy1DCNNLSTM target=ELEC_3-3-6 combo=7 fold=3
[SKIP] model=Legacy1DCNNLSTM target=ELEC_3-3-6 combo=7 fold=4
[SKIP] model=Legacy1DCNNLSTM target=ELEC_3-3-6 combo=7 fold=5
[SKIP] model=Legacy1DCNNLSTM target=ELEC_3-3-6 combo=8 fold=1
[SKIP] model=Legacy1DCNNLSTM target=ELEC_3-3-6 combo=8 fold=2
[SKIP] model=Legacy1DCNNLSTM target=ELEC_3-3-6 combo=8 fold=3
[SKIP] model=Legacy1DCNNLSTM target=ELEC_3-3-6 combo=8 fold=4
[SKIP] model=Legacy1DCNNLSTM target=ELEC_3-3-6 combo=8 fold=5
[SKIP] target=ELEC_3-3-6: all fold rows already exist
[CV] model=Legacy1DCNNLSTM target=ELEC_1-8-3 combo=1/8 fold=1/5 params={'batch_size': 64, 'epochs': 20, 'learning_rate': 0.001, 'loss': 'huber', 'patience': 5, 'seq_len': 3}
[CV] model=Legacy1DCNNLSTM target=ELEC_1-8-3 combo=1/8 fold=2/5 params={'batch_size': 64, 'epochs': 20, 'learning_rate': 0.001, 'loss': 'huber', 'patience': 5, 'seq_len': 3}
[CV] model=Legacy1DCNNLSTM target=ELEC_1-8-3 combo=1/8 fold=3/5 params={'batch_size': 64, 'epochs': 20, 'learning_rate': 0.001, 'loss': 'huber', 'patience': 5, 'seq_len': 3}
[CV] model=Legacy1DCNNLSTM target=ELEC_1-8-3 combo=1/8 fold=4/5 params={'batch_size': 64, 'epochs': 20, 'learning_rate': 0.001, 'loss': 'huber', 'patience': 5, 'seq_len': 3}
[CV] model=Legacy1DCNNLSTM target=ELEC_1-8-3 combo=1/8 fold=5/5 params={'batch_size': 64, 'epochs': 20, 'learning_rate': 0.001, 'loss': 'huber', 'patience': 5, 'seq_len': 3}
[CV] model=Legacy1DCNNLSTM target=ELEC_1-8-3 combo=2/8 fold=1/5 params={'batch_size': 64, 'epochs': 20, 'learning_rate': 0.001, 'loss': 'huber', 'patience': 5, 'seq_len': 6}
[CV] model=Legacy1DCNNLSTM target=ELEC_1-8-3 combo=2/8 fold=2/5 params={'batch_size': 64, 'epochs': 20, 'learning_rate': 0.001, 'loss': 'huber', 'patience': 5, 'seq_len': 6}
[CV] model=Legacy1DCNNLSTM target=ELEC_1-8-3 combo=2/8 fold=3/5 params={'batch_size': 64, 'epochs': 20, 'learning_rate': 0.001, 'loss': 'huber', 'patience': 5, 'seq_len': 6}
[CV] model=Legacy1DCNNLSTM target=ELEC_1-8-3 combo=2/8 fold=4/5 params={'batch_size': 64, 'epochs': 20, 'learning_rate': 0.001, 'loss': 'huber', 'patience': 5, 'seq_len': 6}
[CV] model=Legacy1DCNNLSTM target=ELEC_1-8-3 combo=2/8 fold=5/5 params={'batch_size': 64, 'epochs': 20, 'learning_rate': 0.001, 'loss': 'huber', 'patience': 5, 'seq_len': 6}
[CV] model=Legacy1DCNNLSTM target=ELEC_1-8-3 combo=3/8 fold=1/5 params={'batch_size': 64, 'epochs': 20, 'learning_rate': 0.0005, 'loss': 'huber', 'patience': 5, 'seq_len': 3}
[CV] model=Legacy1DCNNLSTM target=ELEC_1-8-3 combo=3/8 fold=2/5 params={'batch_size': 64, 'epochs': 20, 'learning_rate': 0.0005, 'loss': 'huber', 'patience': 5, 'seq_len': 3}
[CV] model=Legacy1DCNNLSTM target=ELEC_1-8-3 combo=3/8 fold=3/5 params={'batch_size': 64, 'epochs': 20, 'learning_rate': 0.0005, 'loss': 'huber', 'patience': 5, 'seq_len': 3}
[CV] model=Legacy1DCNNLSTM target=ELEC_1-8-3 combo=3/8 fold=4/5 params={'batch_size': 64, 'epochs': 20, 'learning_rate': 0.0005, 'loss': 'huber', 'patience': 5, 'seq_len': 3}
[CV] model=Legacy1DCNNLSTM target=ELEC_1-8-3 combo=3/8 fold=5/5 params={'batch_size': 64, 'epochs': 20, 'learning_rate': 0.0005, 'loss': 'huber', 'patience': 5, 'seq_len': 3}
[CV] model=Legacy1DCNNLSTM target=ELEC_1-8-3 combo=4/8 fold=1/5 params={'batch_size': 64, 'epochs': 20, 'learning_rate': 0.0005, 'loss': 'huber', 'patience': 5, 'seq_len': 6}
[CV] model=Legacy1DCNNLSTM target=ELEC_1-8-3 combo=4/8 fold=2/5 params={'batch_size': 64, 'epochs': 20, 'learning_rate': 0.0005, 'loss': 'huber', 'patience': 5, 'seq_len': 6}
[CV] model=Legacy1DCNNLSTM target=ELEC_1-8-3 combo=4/8 fold=3/5 params={'batch_size': 64, 'epochs': 20, 'learning_rate': 0.0005, 'loss': 'huber', 'patience': 5, 'seq_len': 6}
[CV] model=Legacy1DCNNLSTM target=ELEC_1-8-3 combo=4/8 fold=4/5 params={'batch_size': 64, 'epochs': 20, 'learning_rate': 0.0005, 'loss': 'huber', 'patience': 5, 'seq_len': 6}
[CV] model=Legacy1DCNNLSTM target=ELEC_1-8-3 combo=4/8 fold=5/5 params={'batch_size': 64, 'epochs': 20, 'learning_rate': 0.0005, 'loss': 'huber', 'patience': 5, 'seq_len': 6}
[CV] model=Legacy1DCNNLSTM target=ELEC_1-8-3 combo=5/8 fold=1/5 params={'batch_size': 128, 'epochs': 20, 'learning_rate': 0.001, 'loss': 'huber', 'patience': 5, 'seq_len': 3}
[CV] model=Legacy1DCNNLSTM target=ELEC_1-8-3 combo=5/8 fold=2/5 params={'batch_size': 128, 'epochs': 20, 'learning_rate': 0.001, 'loss': 'huber', 'patience': 5, 'seq_len': 3}
[CV] model=Legacy1DCNNLSTM target=ELEC_1-8-3 combo=5/8 fold=3/5 params={'batch_size': 128, 'epochs': 20, 'learning_rate': 0.001, 'loss': 'huber', 'patience': 5, 'seq_len': 3}
[CV] model=Legacy1DCNNLSTM target=ELEC_1-8-3 combo=5/8 fold=4/5 params={'batch_size': 128, 'epochs': 20, 'learning_rate': 0.001, 'loss': 'huber', 'patience': 5, 'seq_len': 3}
[CV] model=Legacy1DCNNLSTM target=ELEC_1-8-3 combo=5/8 fold=5/5 params={'batch_size': 128, 'epochs': 20, 'learning_rate': 0.001, 'loss': 'huber', 'patience': 5, 'seq_len': 3}
[CV] model=Legacy1DCNNLSTM target=ELEC_1-8-3 combo=6/8 fold=1/5 params={'batch_size': 128, 'epochs': 20, 'learning_rate': 0.001, 'loss': 'huber', 'patience': 5, 'seq_len': 6}
[CV] model=Legacy1DCNNLSTM target=ELEC_1-8-3 combo=6/8 fold=2/5 params={'batch_size': 128, 'epochs': 20, 'learning_rate': 0.001, 'loss': 'huber', 'patience': 5, 'seq_len': 6}
[CV] model=Legacy1DCNNLSTM target=ELEC_1-8-3 combo=6/8 fold=3/5 params={'batch_size': 128, 'epochs': 20, 'learning_rate': 0.001, 'loss': 'huber', 'patience': 5, 'seq_len': 6}
[CV] model=Legacy1DCNNLSTM target=ELEC_1-8-3 combo=6/8 fold=4/5 params={'batch_size': 128, 'epochs': 20, 'learning_rate': 0.001, 'loss': 'huber', 'patience': 5, 'seq_len': 6}
[CV] model=Legacy1DCNNLSTM target=ELEC_1-8-3 combo=6/8 fold=5/5 params={'batch_size': 128, 'epochs': 20, 'learning_rate': 0.001, 'loss': 'huber', 'patience': 5, 'seq_len': 6}
[CV] model=Legacy1DCNNLSTM target=ELEC_1-8-3 combo=7/8 fold=1/5 params={'batch_size': 128, 'epochs': 20, 'learning_rate': 0.0005, 'loss': 'huber', 'patience': 5, 'seq_len': 3}
WARNING:tensorflow:Layer lstm will not use cuDNN kernels since it doesn't meet the criteria. It will use a generic GPU kernel as fallback when running on GPU.
WARNING:tensorflow:Layer lstm_1 will not use cuDNN kernels since it doesn't meet the criteria. It will use a generic GPU kernel as fallback when running on GPU.
WARNING:tensorflow:Layer lstm_2 will not use cuDNN kernels since it doesn't meet the criteria. It will use a generic GPU kernel as fallback when running on GPU.
WARNING:tensorflow:Layer lstm will not use cuDNN kernels since it doesn't meet the criteria. It will use a generic GPU kernel as fallback when running on GPU.
WARNING:tensorflow:Layer lstm_1 will not use cuDNN kernels since it doesn't meet the criteria. It will use a generic GPU kernel as fallback when running on GPU.
WARNING:tensorflow:Layer lstm_2 will not use cuDNN kernels since it doesn't meet the criteria. It will use a generic GPU kernel as fallback when running on GPU.
WARNING:tensorflow:Layer lstm will not use cuDNN kernels since it doesn't meet the criteria. It will use a generic GPU kernel as fallback when running on GPU.
WARNING:tensorflow:Layer lstm_1 will not use cuDNN kernels since it doesn't meet the criteria. It will use a generic GPU kernel as fallback when running on GPU.
WARNING:tensorflow:Layer lstm_2 will not use cuDNN kernels since it doesn't meet the criteria. It will use a generic GPU kernel as fallback when running on GPU.
WARNING:tensorflow:Layer lstm will not use cuDNN kernels since it doesn't meet the criteria. It will use a generic GPU kernel as fallback when running on GPU.
WARNING:tensorflow:Layer lstm_1 will not use cuDNN kernels since it doesn't meet the criteria. It will use a generic GPU kernel as fallback when running on GPU.
WARNING:tensorflow:Layer lstm_2 will not use cuDNN kernels since it doesn't meet the criteria. It will use a generic GPU kernel as fallback when running on GPU.
WARNING:tensorflow:Layer lstm will not use cuDNN kernels since it doesn't meet the criteria. It will use a generic GPU kernel as fallback when running on GPU.
WARNING:tensorflow:Layer lstm_1 will not use cuDNN kernels since it doesn't meet the criteria. It will use a generic GPU kernel as fallback when running on GPU.
WARNING:tensorflow:Layer lstm_2 will not use cuDNN kernels since it doesn't meet the criteria. It will use a generic GPU kernel as fallback when running on GPU.
WARNING:tensorflow:Layer lstm will not use cuDNN kernels since it doesn't meet the criteria. It will use a generic GPU kernel as fallback when running on GPU.
WARNING:tensorflow:Layer lstm_1 will not use cuDNN kernels since it doesn't meet the criteria. It will use a generic GPU kernel as fallback when running on GPU.
WARNING:tensorflow:Layer lstm_2 will not use cuDNN kernels since it doesn't meet the criteria. It will use a generic GPU kernel as fallback when running on GPU.
WARNING:tensorflow:Layer lstm will not use cuDNN kernels since it doesn't meet the criteria. It will use a generic GPU kernel as fallback when running on GPU.
WARNING:tensorflow:Layer lstm_1 will not use cuDNN kernels since it doesn't meet the criteria. It will use a generic GPU kernel as fallback when running on GPU.
WARNING:tensorflow:Layer lstm_2 will not use cuDNN kernels since it doesn't meet the criteria. It will use a generic GPU kernel as fallback when running on GPU.
WARNING:tensorflow:Layer lstm will not use cuDNN kernels since it doesn't meet the criteria. It will use a generic GPU kernel as fallback when running on GPU.
WARNING:tensorflow:Layer lstm_1 will not use cuDNN kernels since it doesn't meet the criteria. It will use a generic GPU kernel as fallback when running on GPU.
WARNING:tensorflow:Layer lstm_2 will not use cuDNN kernels since it doesn't meet the criteria. It will use a generic GPU kernel as fallback when running on GPU.
WARNING:tensorflow:Layer lstm will not use cuDNN kernels since it doesn't meet the criteria. It will use a generic GPU kernel as fallback when running on GPU.
WARNING:tensorflow:Layer lstm_1 will not use cuDNN kernels since it doesn't meet the criteria. It will use a generic GPU kernel as fallback when running on GPU.
WARNING:tensorflow:Layer lstm_2 will not use cuDNN kernels since it doesn't meet the criteria. It will use a generic GPU kernel as fallback when running on GPU.
WARNING:tensorflow:Layer lstm will not use cuDNN kernels since it doesn't meet the criteria. It will use a generic GPU kernel as fallback when running on GPU.
WARNING:tensorflow:Layer lstm_1 will not use cuDNN kernels since it doesn't meet the criteria. It will use a generic GPU kernel as fallback when running on GPU.
WARNING:tensorflow:Layer lstm_2 will not use cuDNN kernels since it doesn't meet the criteria. It will use a generic GPU kernel as fallback when running on GPU.
WARNING:tensorflow:Layer lstm will not use cuDNN kernels since it doesn't meet the criteria. It will use a generic GPU kernel as fallback when running on GPU.
WARNING:tensorflow:Layer lstm_1 will not use cuDNN kernels since it doesn't meet the criteria. It will use a generic GPU kernel as fallback when running on GPU.
WARNING:tensorflow:Layer lstm_2 will not use cuDNN kernels since it doesn't meet the criteria. It will use a generic GPU kernel as fallback when running on GPU.
WARNING:tensorflow:Layer lstm will not use cuDNN kernels since it doesn't meet the criteria. It will use a generic GPU kernel as fallback when running on GPU.
WARNING:tensorflow:Layer lstm_1 will not use cuDNN kernels since it doesn't meet the criteria. It will use a generic GPU kernel as fallback when running on GPU.
WARNING:tensorflow:Layer lstm_2 will not use cuDNN kernels since it doesn't meet the criteria. It will use a generic GPU kernel as fallback when running on GPU.
WARNING:tensorflow:Layer lstm will not use cuDNN kernels since it doesn't meet the criteria. It will use a generic GPU kernel as fallback when running on GPU.
WARNING:tensorflow:Layer lstm_1 will not use cuDNN kernels since it doesn't meet the criteria. It will use a generic GPU kernel as fallback when running on GPU.
WARNING:tensorflow:Layer lstm_2 will not use cuDNN kernels since it doesn't meet the criteria. It will use a generic GPU kernel as fallback when running on GPU.
WARNING:tensorflow:Layer lstm will not use cuDNN kernels since it doesn't meet the criteria. It will use a generic GPU kernel as fallback when running on GPU.
WARNING:tensorflow:Layer lstm_1 will not use cuDNN kernels since it doesn't meet the criteria. It will use a generic GPU kernel as fallback when running on GPU.
WARNING:tensorflow:Layer lstm_2 will not use cuDNN kernels since it doesn't meet the criteria. It will use a generic GPU kernel as fallback when running on GPU.
WARNING:tensorflow:Layer lstm will not use cuDNN kernels since it doesn't meet the criteria. It will use a generic GPU kernel as fallback when running on GPU.
WARNING:tensorflow:Layer lstm_1 will not use cuDNN kernels since it doesn't meet the criteria. It will use a generic GPU kernel as fallback when running on GPU.
WARNING:tensorflow:Layer lstm_2 will not use cuDNN kernels since it doesn't meet the criteria. It will use a generic GPU kernel as fallback when running on GPU.
WARNING:tensorflow:Layer lstm will not use cuDNN kernels since it doesn't meet the criteria. It will use a generic GPU kernel as fallback when running on GPU.
WARNING:tensorflow:Layer lstm_1 will not use cuDNN kernels since it doesn't meet the criteria. It will use a generic GPU kernel as fallback when running on GPU.
WARNING:tensorflow:Layer lstm_2 will not use cuDNN kernels since it doesn't meet the criteria. It will use a generic GPU kernel as fallback when running on GPU.
WARNING:tensorflow:Layer lstm will not use cuDNN kernels since it doesn't meet the criteria. It will use a generic GPU kernel as fallback when running on GPU.
WARNING:tensorflow:Layer lstm_1 will not use cuDNN kernels since it doesn't meet the criteria. It will use a generic GPU kernel as fallback when running on GPU.
WARNING:tensorflow:Layer lstm_2 will not use cuDNN kernels since it doesn't meet the criteria. It will use a generic GPU kernel as fallback when running on GPU.
WARNING:tensorflow:Layer lstm will not use cuDNN kernels since it doesn't meet the criteria. It will use a generic GPU kernel as fallback when running on GPU.
WARNING:tensorflow:Layer lstm_1 will not use cuDNN kernels since it doesn't meet the criteria. It will use a generic GPU kernel as fallback when running on GPU.
WARNING:tensorflow:Layer lstm_2 will not use cuDNN kernels since it doesn't meet the criteria. It will use a generic GPU kernel as fallback when running on GPU.
WARNING:tensorflow:Layer lstm will not use cuDNN kernels since it doesn't meet the criteria. It will use a generic GPU kernel as fallback when running on GPU.
WARNING:tensorflow:Layer lstm_1 will not use cuDNN kernels since it doesn't meet the criteria. It will use a generic GPU kernel as fallback when running on GPU.
WARNING:tensorflow:Layer lstm_2 will not use cuDNN kernels since it doesn't meet the criteria. It will use a generic GPU kernel as fallback when running on GPU.
WARNING:tensorflow:Layer lstm will not use cuDNN kernels since it doesn't meet the criteria. It will use a generic GPU kernel as fallback when running on GPU.
WARNING:tensorflow:Layer lstm_1 will not use cuDNN kernels since it doesn't meet the criteria. It will use a generic GPU kernel as fallback when running on GPU.
WARNING:tensorflow:Layer lstm_2 will not use cuDNN kernels since it doesn't meet the criteria. It will use a generic GPU kernel as fallback when running on GPU.
WARNING:tensorflow:Layer lstm will not use cuDNN kernels since it doesn't meet the criteria. It will use a generic GPU kernel as fallback when running on GPU.
WARNING:tensorflow:Layer lstm_1 will not use cuDNN kernels since it doesn't meet the criteria. It will use a generic GPU kernel as fallback when running on GPU.
WARNING:tensorflow:Layer lstm_2 will not use cuDNN kernels since it doesn't meet the criteria. It will use a generic GPU kernel as fallback when running on GPU.
WARNING:tensorflow:Layer lstm will not use cuDNN kernels since it doesn't meet the criteria. It will use a generic GPU kernel as fallback when running on GPU.
WARNING:tensorflow:Layer lstm_1 will not use cuDNN kernels since it doesn't meet the criteria. It will use a generic GPU kernel as fallback when running on GPU.
WARNING:tensorflow:Layer lstm_2 will not use cuDNN kernels since it doesn't meet the criteria. It will use a generic GPU kernel as fallback when running on GPU.
WARNING:tensorflow:Layer lstm will not use cuDNN kernels since it doesn't meet the criteria. It will use a generic GPU kernel as fallback when running on GPU.
WARNING:tensorflow:Layer lstm_1 will not use cuDNN kernels since it doesn't meet the criteria. It will use a generic GPU kernel as fallback when running on GPU.
WARNING:tensorflow:Layer lstm_2 will not use cuDNN kernels since it doesn't meet the criteria. It will use a generic GPU kernel as fallback when running on GPU.
WARNING:tensorflow:Layer lstm will not use cuDNN kernels since it doesn't meet the criteria. It will use a generic GPU kernel as fallback when running on GPU.
WARNING:tensorflow:Layer lstm_1 will not use cuDNN kernels since it doesn't meet the criteria. It will use a generic GPU kernel as fallback when running on GPU.
WARNING:tensorflow:Layer lstm_2 will not use cuDNN kernels since it doesn't meet the criteria. It will use a generic GPU kernel as fallback when running on GPU.
WARNING:tensorflow:Layer lstm will not use cuDNN kernels since it doesn't meet the criteria. It will use a generic GPU kernel as fallback when running on GPU.
WARNING:tensorflow:Layer lstm_1 will not use cuDNN kernels since it doesn't meet the criteria. It will use a generic GPU kernel as fallback when running on GPU.
WARNING:tensorflow:Layer lstm_2 will not use cuDNN kernels since it doesn't meet the criteria. It will use a generic GPU kernel as fallback when running on GPU.
WARNING:tensorflow:Layer lstm will not use cuDNN kernels since it doesn't meet the criteria. It will use a generic GPU kernel as fallback when running on GPU.
WARNING:tensorflow:Layer lstm_1 will not use cuDNN kernels since it doesn't meet the criteria. It will use a generic GPU kernel as fallback when running on GPU.
WARNING:tensorflow:Layer lstm_2 will not use cuDNN kernels since it doesn't meet the criteria. It will use a generic GPU kernel as fallback when running on GPU.
WARNING:tensorflow:Layer lstm will not use cuDNN kernels since it doesn't meet the criteria. It will use a generic GPU kernel as fallback when running on GPU.
WARNING:tensorflow:Layer lstm_1 will not use cuDNN kernels since it doesn't meet the criteria. It will use a generic GPU kernel as fallback when running on GPU.
WARNING:tensorflow:Layer lstm_2 will not use cuDNN kernels since it doesn't meet the criteria. It will use a generic GPU kernel as fallback when running on GPU.
WARNING:tensorflow:Layer lstm will not use cuDNN kernels since it doesn't meet the criteria. It will use a generic GPU kernel as fallback when running on GPU.
WARNING:tensorflow:Layer lstm_1 will not use cuDNN kernels since it doesn't meet the criteria. It will use a generic GPU kernel as fallback when running on GPU.
WARNING:tensorflow:Layer lstm_2 will not use cuDNN kernels since it doesn't meet the criteria. It will use a generic GPU kernel as fallback when running on GPU.
WARNING:tensorflow:Layer lstm will not use cuDNN kernels since it doesn't meet the criteria. It will use a generic GPU kernel as fallback when running on GPU.
WARNING:tensorflow:Layer lstm_1 will not use cuDNN kernels since it doesn't meet the criteria. It will use a generic GPU kernel as fallback when running on GPU.
WARNING:tensorflow:Layer lstm_2 will not use cuDNN kernels since it doesn't meet the criteria. It will use a generic GPU kernel as fallback when running on GPU.
