[DL-PEER-BATCH] start=2026-08-27 14:24:53
[DL-PEER-BATCH] models=src/run_dl_peer_legacy_cnnlstm.py src/run_dl_peer_legacy_seq2seq.py src/run_dl_peer_cnnlstm.py src/run_dl_peer_gru.py src/run_dl_peer_transformer.py src/run_dl_peer_tcn.py src/run_dl_peer_retnet.py
[DL-PEER-BATCH] args=--grid-preset small --n-target-households 3 --cv-splits 5 --cv-type kfold
[DL-PEER-BATCH] log_file=results/runtime/dl_peer_grid_batch_20260827_142453.log
============================================================
[DL-PEER] Running src/run_dl_peer_legacy_cnnlstm.py at 2026-08-27 14:24:53
============================================================
/Users/labq_s.h.ryu/repo_ClusterBoost_Energy/.venv/lib/python3.9/site-packages/urllib3/__init__.py:35: NotOpenSSLWarning: urllib3 v2 only supports OpenSSL 1.1.1+, currently the 'ssl' module is compiled with 'LibreSSL 2.8.3'. See: https://github.com/urllib3/urllib3/issues/3020
  warnings.warn(
2026-08-27 14:25:04.979943: I metal_plugin/src/device/metal_device.cc:1154] Metal device set to: Apple M4
2026-08-27 14:25:04.979974: I metal_plugin/src/device/metal_device.cc:296] systemMemory: 24.00 GB
2026-08-27 14:25:04.979983: I metal_plugin/src/device/metal_device.cc:313] maxCacheSize: 8.88 GB
2026-08-27 14:25:04.980023: I tensorflow/core/common_runtime/pluggable_device/pluggable_device_factory.cc:306] Could not identify NUMA node of platform GPU ID 0, defaulting to 0. Your kernel may not have been built with NUMA support.
2026-08-27 14:25:04.980054: I tensorflow/core/common_runtime/pluggable_device/pluggable_device_factory.cc:272] Created TensorFlow device (/job:localhost/replica:0/task:0/device:GPU:0 with 0 MB memory) -> physical PluggableDevice (device: 0, name: METAL, pci bus id: <undefined>)
WARNING:tensorflow:Layer lstm will not use cuDNN kernels since it doesn't meet the criteria. It will use a generic GPU kernel as fallback when running on GPU.
WARNING:tensorflow:Layer lstm_1 will not use cuDNN kernels since it doesn't meet the criteria. It will use a generic GPU kernel as fallback when running on GPU.
WARNING:tensorflow:Layer lstm_2 will not use cuDNN kernels since it doesn't meet the criteria. It will use a generic GPU kernel as fallback when running on GPU.
2026-08-27 14:25:06.959720: I tensorflow/core/grappler/optimizers/custom_graph_optimizer_registry.cc:117] Plugin optimizer for device_type GPU is enabled.
WARNING:tensorflow:Layer lstm will not use cuDNN kernels since it doesn't meet the criteria. It will use a generic GPU kernel as fallback when running on GPU.
WARNING:tensorflow:Layer lstm_1 will not use cuDNN kernels since it doesn't meet the criteria. It will use a generic GPU kernel as fallback when running on GPU.
WARNING:tensorflow:Layer lstm_2 will not use cuDNN kernels since it doesn't meet the criteria. It will use a generic GPU kernel as fallback when running on GPU.
WARNING:tensorflow:Layer lstm will not use cuDNN kernels since it doesn't meet the criteria. It will use a generic GPU kernel as fallback when running on GPU.
WARNING:tensorflow:Layer lstm_1 will not use cuDNN kernels since it doesn't meet the criteria. It will use a generic GPU kernel as fallback when running on GPU.
WARNING:tensorflow:Layer lstm_2 will not use cuDNN kernels since it doesn't meet the criteria. It will use a generic GPU kernel as fallback when running on GPU.
WARNING:tensorflow:Layer lstm will not use cuDNN kernels since it doesn't meet the criteria. It will use a generic GPU kernel as fallback when running on GPU.
WARNING:tensorflow:Layer lstm_1 will not use cuDNN kernels since it doesn't meet the criteria. It will use a generic GPU kernel as fallback when running on GPU.
WARNING:tensorflow:Layer lstm_2 will not use cuDNN kernels since it doesn't meet the criteria. It will use a generic GPU kernel as fallback when running on GPU.
WARNING:tensorflow:Layer lstm will not use cuDNN kernels since it doesn't meet the criteria. It will use a generic GPU kernel as fallback when running on GPU.
WARNING:tensorflow:Layer lstm_1 will not use cuDNN kernels since it doesn't meet the criteria. It will use a generic GPU kernel as fallback when running on GPU.
WARNING:tensorflow:Layer lstm_2 will not use cuDNN kernels since it doesn't meet the criteria. It will use a generic GPU kernel as fallback when running on GPU.
WARNING:tensorflow:Layer lstm will not use cuDNN kernels since it doesn't meet the criteria. It will use a generic GPU kernel as fallback when running on GPU.
WARNING:tensorflow:Layer lstm_1 will not use cuDNN kernels since it doesn't meet the criteria. It will use a generic GPU kernel as fallback when running on GPU.
WARNING:tensorflow:Layer lstm_2 will not use cuDNN kernels since it doesn't meet the criteria. It will use a generic GPU kernel as fallback when running on GPU.
WARNING:tensorflow:Layer lstm will not use cuDNN kernels since it doesn't meet the criteria. It will use a generic GPU kernel as fallback when running on GPU.
WARNING:tensorflow:Layer lstm_1 will not use cuDNN kernels since it doesn't meet the criteria. It will use a generic GPU kernel as fallback when running on GPU.
WARNING:tensorflow:Layer lstm_2 will not use cuDNN kernels since it doesn't meet the criteria. It will use a generic GPU kernel as fallback when running on GPU.
WARNING:tensorflow:Layer lstm will not use cuDNN kernels since it doesn't meet the criteria. It will use a generic GPU kernel as fallback when running on GPU.
WARNING:tensorflow:Layer lstm_1 will not use cuDNN kernels since it doesn't meet the criteria. It will use a generic GPU kernel as fallback when running on GPU.
WARNING:tensorflow:Layer lstm_2 will not use cuDNN kernels since it doesn't meet the criteria. It will use a generic GPU kernel as fallback when running on GPU.
WARNING:tensorflow:Layer lstm will not use cuDNN kernels since it doesn't meet the criteria. It will use a generic GPU kernel as fallback when running on GPU.
WARNING:tensorflow:Layer lstm_1 will not use cuDNN kernels since it doesn't meet the criteria. It will use a generic GPU kernel as fallback when running on GPU.
WARNING:tensorflow:Layer lstm_2 will not use cuDNN kernels since it doesn't meet the criteria. It will use a generic GPU kernel as fallback when running on GPU.
WARNING:tensorflow:Layer lstm will not use cuDNN kernels since it doesn't meet the criteria. It will use a generic GPU kernel as fallback when running on GPU.
WARNING:tensorflow:Layer lstm_1 will not use cuDNN kernels since it doesn't meet the criteria. It will use a generic GPU kernel as fallback when running on GPU.
WARNING:tensorflow:Layer lstm_2 will not use cuDNN kernels since it doesn't meet the criteria. It will use a generic GPU kernel as fallback when running on GPU.
WARNING:tensorflow:Layer lstm will not use cuDNN kernels since it doesn't meet the criteria. It will use a generic GPU kernel as fallback when running on GPU.
WARNING:tensorflow:Layer lstm_1 will not use cuDNN kernels since it doesn't meet the criteria. It will use a generic GPU kernel as fallback when running on GPU.
WARNING:tensorflow:Layer lstm_2 will not use cuDNN kernels since it doesn't meet the criteria. It will use a generic GPU kernel as fallback when running on GPU.
WARNING:tensorflow:Layer lstm will not use cuDNN kernels since it doesn't meet the criteria. It will use a generic GPU kernel as fallback when running on GPU.
WARNING:tensorflow:Layer lstm_1 will not use cuDNN kernels since it doesn't meet the criteria. It will use a generic GPU kernel as fallback when running on GPU.
WARNING:tensorflow:Layer lstm_2 will not use cuDNN kernels since it doesn't meet the criteria. It will use a generic GPU kernel as fallback when running on GPU.
WARNING:tensorflow:Layer lstm will not use cuDNN kernels since it doesn't meet the criteria. It will use a generic GPU kernel as fallback when running on GPU.
WARNING:tensorflow:Layer lstm_1 will not use cuDNN kernels since it doesn't meet the criteria. It will use a generic GPU kernel as fallback when running on GPU.
WARNING:tensorflow:Layer lstm_2 will not use cuDNN kernels since it doesn't meet the criteria. It will use a generic GPU kernel as fallback when running on GPU.
WARNING:tensorflow:Layer lstm will not use cuDNN kernels since it doesn't meet the criteria. It will use a generic GPU kernel as fallback when running on GPU.
WARNING:tensorflow:Layer lstm_1 will not use cuDNN kernels since it doesn't meet the criteria. It will use a generic GPU kernel as fallback when running on GPU.
WARNING:tensorflow:Layer lstm_2 will not use cuDNN kernels since it doesn't meet the criteria. It will use a generic GPU kernel as fallback when running on GPU.
WARNING:tensorflow:Layer lstm will not use cuDNN kernels since it doesn't meet the criteria. It will use a generic GPU kernel as fallback when running on GPU.
WARNING:tensorflow:Layer lstm_1 will not use cuDNN kernels since it doesn't meet the criteria. It will use a generic GPU kernel as fallback when running on GPU.
WARNING:tensorflow:Layer lstm_2 will not use cuDNN kernels since it doesn't meet the criteria. It will use a generic GPU kernel as fallback when running on GPU.
WARNING:tensorflow:Layer lstm will not use cuDNN kernels since it doesn't meet the criteria. It will use a generic GPU kernel as fallback when running on GPU.
WARNING:tensorflow:Layer lstm_1 will not use cuDNN kernels since it doesn't meet the criteria. It will use a generic GPU kernel as fallback when running on GPU.
WARNING:tensorflow:Layer lstm_2 will not use cuDNN kernels since it doesn't meet the criteria. It will use a generic GPU kernel as fallback when running on GPU.
WARNING:tensorflow:Layer lstm will not use cuDNN kernels since it doesn't meet the criteria. It will use a generic GPU kernel as fallback when running on GPU.
WARNING:tensorflow:Layer lstm_1 will not use cuDNN kernels since it doesn't meet the criteria. It will use a generic GPU kernel as fallback when running on GPU.
WARNING:tensorflow:Layer lstm_2 will not use cuDNN kernels since it doesn't meet the criteria. It will use a generic GPU kernel as fallback when running on GPU.
WARNING:tensorflow:Layer lstm will not use cuDNN kernels since it doesn't meet the criteria. It will use a generic GPU kernel as fallback when running on GPU.
WARNING:tensorflow:Layer lstm_1 will not use cuDNN kernels since it doesn't meet the criteria. It will use a generic GPU kernel as fallback when running on GPU.
WARNING:tensorflow:Layer lstm_2 will not use cuDNN kernels since it doesn't meet the criteria. It will use a generic GPU kernel as fallback when running on GPU.
WARNING:tensorflow:Layer lstm will not use cuDNN kernels since it doesn't meet the criteria. It will use a generic GPU kernel as fallback when running on GPU.
WARNING:tensorflow:Layer lstm_1 will not use cuDNN kernels since it doesn't meet the criteria. It will use a generic GPU kernel as fallback when running on GPU.
WARNING:tensorflow:Layer lstm_2 will not use cuDNN kernels since it doesn't meet the criteria. It will use a generic GPU kernel as fallback when running on GPU.
WARNING:tensorflow:Layer lstm will not use cuDNN kernels since it doesn't meet the criteria. It will use a generic GPU kernel as fallback when running on GPU.
WARNING:tensorflow:Layer lstm_1 will not use cuDNN kernels since it doesn't meet the criteria. It will use a generic GPU kernel as fallback when running on GPU.
WARNING:tensorflow:Layer lstm_2 will not use cuDNN kernels since it doesn't meet the criteria. It will use a generic GPU kernel as fallback when running on GPU.
WARNING:tensorflow:Layer lstm will not use cuDNN kernels since it doesn't meet the criteria. It will use a generic GPU kernel as fallback when running on GPU.
WARNING:tensorflow:Layer lstm_1 will not use cuDNN kernels since it doesn't meet the criteria. It will use a generic GPU kernel as fallback when running on GPU.
WARNING:tensorflow:Layer lstm_2 will not use cuDNN kernels since it doesn't meet the criteria. It will use a generic GPU kernel as fallback when running on GPU.
WARNING:tensorflow:Layer lstm will not use cuDNN kernels since it doesn't meet the criteria. It will use a generic GPU kernel as fallback when running on GPU.
WARNING:tensorflow:Layer lstm_1 will not use cuDNN kernels since it doesn't meet the criteria. It will use a generic GPU kernel as fallback when running on GPU.
WARNING:tensorflow:Layer lstm_2 will not use cuDNN kernels since it doesn't meet the criteria. It will use a generic GPU kernel as fallback when running on GPU.
WARNING:tensorflow:Layer lstm will not use cuDNN kernels since it doesn't meet the criteria. It will use a generic GPU kernel as fallback when running on GPU.
WARNING:tensorflow:Layer lstm_1 will not use cuDNN kernels since it doesn't meet the criteria. It will use a generic GPU kernel as fallback when running on GPU.
WARNING:tensorflow:Layer lstm_2 will not use cuDNN kernels since it doesn't meet the criteria. It will use a generic GPU kernel as fallback when running on GPU.
WARNING:tensorflow:Layer lstm will not use cuDNN kernels since it doesn't meet the criteria. It will use a generic GPU kernel as fallback when running on GPU.
WARNING:tensorflow:Layer lstm_1 will not use cuDNN kernels since it doesn't meet the criteria. It will use a generic GPU kernel as fallback when running on GPU.
WARNING:tensorflow:Layer lstm_2 will not use cuDNN kernels since it doesn't meet the criteria. It will use a generic GPU kernel as fallback when running on GPU.
WARNING:tensorflow:Layer lstm will not use cuDNN kernels since it doesn't meet the criteria. It will use a generic GPU kernel as fallback when running on GPU.
WARNING:tensorflow:Layer lstm_1 will not use cuDNN kernels since it doesn't meet the criteria. It will use a generic GPU kernel as fallback when running on GPU.
WARNING:tensorflow:Layer lstm_2 will not use cuDNN kernels since it doesn't meet the criteria. It will use a generic GPU kernel as fallback when running on GPU.
WARNING:tensorflow:Layer lstm will not use cuDNN kernels since it doesn't meet the criteria. It will use a generic GPU kernel as fallback when running on GPU.
WARNING:tensorflow:Layer lstm_1 will not use cuDNN kernels since it doesn't meet the criteria. It will use a generic GPU kernel as fallback when running on GPU.
WARNING:tensorflow:Layer lstm_2 will not use cuDNN kernels since it doesn't meet the criteria. It will use a generic GPU kernel as fallback when running on GPU.
WARNING:tensorflow:Layer lstm will not use cuDNN kernels since it doesn't meet the criteria. It will use a generic GPU kernel as fallback when running on GPU.
WARNING:tensorflow:Layer lstm_1 will not use cuDNN kernels since it doesn't meet the criteria. It will use a generic GPU kernel as fallback when running on GPU.
WARNING:tensorflow:Layer lstm_2 will not use cuDNN kernels since it doesn't meet the criteria. It will use a generic GPU kernel as fallback when running on GPU.
WARNING:tensorflow:Layer lstm will not use cuDNN kernels since it doesn't meet the criteria. It will use a generic GPU kernel as fallback when running on GPU.
WARNING:tensorflow:Layer lstm_1 will not use cuDNN kernels since it doesn't meet the criteria. It will use a generic GPU kernel as fallback when running on GPU.
WARNING:tensorflow:Layer lstm_2 will not use cuDNN kernels since it doesn't meet the criteria. It will use a generic GPU kernel as fallback when running on GPU.
WARNING:tensorflow:Layer lstm will not use cuDNN kernels since it doesn't meet the criteria. It will use a generic GPU kernel as fallback when running on GPU.
WARNING:tensorflow:Layer lstm_1 will not use cuDNN kernels since it doesn't meet the criteria. It will use a generic GPU kernel as fallback when running on GPU.
WARNING:tensorflow:Layer lstm_2 will not use cuDNN kernels since it doesn't meet the criteria. It will use a generic GPU kernel as fallback when running on GPU.
WARNING:tensorflow:Layer lstm will not use cuDNN kernels since it doesn't meet the criteria. It will use a generic GPU kernel as fallback when running on GPU.
WARNING:tensorflow:Layer lstm_1 will not use cuDNN kernels since it doesn't meet the criteria. It will use a generic GPU kernel as fallback when running on GPU.
WARNING:tensorflow:Layer lstm_2 will not use cuDNN kernels since it doesn't meet the criteria. It will use a generic GPU kernel as fallback when running on GPU.
WARNING:tensorflow:Layer lstm will not use cuDNN kernels since it doesn't meet the criteria. It will use a generic GPU kernel as fallback when running on GPU.
WARNING:tensorflow:Layer lstm_1 will not use cuDNN kernels since it doesn't meet the criteria. It will use a generic GPU kernel as fallback when running on GPU.
WARNING:tensorflow:Layer lstm_2 will not use cuDNN kernels since it doesn't meet the criteria. It will use a generic GPU kernel as fallback when running on GPU.
WARNING:tensorflow:Layer lstm will not use cuDNN kernels since it doesn't meet the criteria. It will use a generic GPU kernel as fallback when running on GPU.
WARNING:tensorflow:Layer lstm_1 will not use cuDNN kernels since it doesn't meet the criteria. It will use a generic GPU kernel as fallback when running on GPU.
WARNING:tensorflow:Layer lstm_2 will not use cuDNN kernels since it doesn't meet the criteria. It will use a generic GPU kernel as fallback when running on GPU.
WARNING:tensorflow:Layer lstm will not use cuDNN kernels since it doesn't meet the criteria. It will use a generic GPU kernel as fallback when running on GPU.
WARNING:tensorflow:Layer lstm_1 will not use cuDNN kernels since it doesn't meet the criteria. It will use a generic GPU kernel as fallback when running on GPU.
WARNING:tensorflow:Layer lstm_2 will not use cuDNN kernels since it doesn't meet the criteria. It will use a generic GPU kernel as fallback when running on GPU.
WARNING:tensorflow:Layer lstm will not use cuDNN kernels since it doesn't meet the criteria. It will use a generic GPU kernel as fallback when running on GPU.
WARNING:tensorflow:Layer lstm_1 will not use cuDNN kernels since it doesn't meet the criteria. It will use a generic GPU kernel as fallback when running on GPU.
WARNING:tensorflow:Layer lstm_2 will not use cuDNN kernels since it doesn't meet the criteria. It will use a generic GPU kernel as fallback when running on GPU.
WARNING:tensorflow:Layer lstm will not use cuDNN kernels since it doesn't meet the criteria. It will use a generic GPU kernel as fallback when running on GPU.
WARNING:tensorflow:Layer lstm_1 will not use cuDNN kernels since it doesn't meet the criteria. It will use a generic GPU kernel as fallback when running on GPU.
WARNING:tensorflow:Layer lstm_2 will not use cuDNN kernels since it doesn't meet the criteria. It will use a generic GPU kernel as fallback when running on GPU.
WARNING:tensorflow:Layer lstm will not use cuDNN kernels since it doesn't meet the criteria. It will use a generic GPU kernel as fallback when running on GPU.
WARNING:tensorflow:Layer lstm_1 will not use cuDNN kernels since it doesn't meet the criteria. It will use a generic GPU kernel as fallback when running on GPU.
WARNING:tensorflow:Layer lstm_2 will not use cuDNN kernels since it doesn't meet the criteria. It will use a generic GPU kernel as fallback when running on GPU.
WARNING:tensorflow:Layer lstm will not use cuDNN kernels since it doesn't meet the criteria. It will use a generic GPU kernel as fallback when running on GPU.
WARNING:tensorflow:Layer lstm_1 will not use cuDNN kernels since it doesn't meet the criteria. It will use a generic GPU kernel as fallback when running on GPU.
WARNING:tensorflow:Layer lstm_2 will not use cuDNN kernels since it doesn't meet the criteria. It will use a generic GPU kernel as fallback when running on GPU.
WARNING:tensorflow:Layer lstm will not use cuDNN kernels since it doesn't meet the criteria. It will use a generic GPU kernel as fallback when running on GPU.
WARNING:tensorflow:Layer lstm_1 will not use cuDNN kernels since it doesn't meet the criteria. It will use a generic GPU kernel as fallback when running on GPU.
WARNING:tensorflow:Layer lstm_2 will not use cuDNN kernels since it doesn't meet the criteria. It will use a generic GPU kernel as fallback when running on GPU.
WARNING:tensorflow:Layer lstm will not use cuDNN kernels since it doesn't meet the criteria. It will use a generic GPU kernel as fallback when running on GPU.
WARNING:tensorflow:Layer lstm_1 will not use cuDNN kernels since it doesn't meet the criteria. It will use a generic GPU kernel as fallback when running on GPU.
WARNING:tensorflow:Layer lstm_2 will not use cuDNN kernels since it doesn't meet the criteria. It will use a generic GPU kernel as fallback when running on GPU.
2026-08-28 10:34:27.776 Python[82157:6557307] Error creating directory 
  
2026-08-28 10:34:27.818 Python[82157:6557307] Error creating directory 
  
2026-08-28 10:34:27.831 Python[82157:6557307] Error creating directory 
  
2026-08-28 10:34:27.873 Python[82157:6557307] Error creating directory 
  
2026-08-28 10:34:27.917 Python[82157:6557307] Error creating directory 
  
2026-08-28 10:34:27.928 Python[82157:6557307] Error creating directory 
  
2026-08-28 10:34:27.992 Python[82157:6557307] Error creating directory 
  
2026-08-28 10:34:28.003 Python[82157:6557307] Error creating directory 
  
2026-08-28 10:34:28.061 Python[82157:6557307] Error creating directory 
  
2026-08-28 10:34:28.194 Python[82157:6557307] Error creating directory 
  
2026-08-28 10:34:28.206 Python[82157:6557307] Error creating directory 
  
2026-08-28 10:34:28.248 Python[82157:6557307] Error creating directory 
  
2026-08-28 10:34:28.291 Python[82157:6557307] Error creating directory 
  
2026-08-28 10:34:28.303 Python[82157:6557307] Error creating directory 
  
2026-08-28 10:34:28.361 Python[82157:6557307] Error creating directory 
  
2026-08-28 10:34:28.372 Python[82157:6557307] Error creating directory 
  
2026-08-28 10:34:28.437 Python[82157:6557307] Error creating directory 
  
2026-08-28 10:34:28.498 Python[82157:6557307] Error creating directory 
  
2026-08-28 10:34:28.564 Python[82157:6557307] Error creating directory 
  
2026-08-28 10:34:28.576 Python[82157:6557307] Error creating directory 
  
2026-08-28 10:34:28.610 Python[82157:6557307] Error creating directory 
  
2026-08-28 10:34:28.701 Python[82157:6557307] Error creating directory 
  
2026-08-28 10:34:28.761 Python[82157:6557307] Error creating directory 
  
2026-08-28 10:34:28.823 Python[82157:6557307] Error creating directory 
  
2026-08-28 10:34:28.830 Python[82157:6557307] Error creating directory 
  
2026-08-28 10:34:28.835 Python[82157:6557307] Error creating directory 
  
2026-08-28 10:34:28.846 Python[82157:6557307] Error creating directory 
  
2026-08-28 10:41:30.551 Python[82157:6557307] Error creating directory 
  
2026-08-28 10:41:30.587 Python[82157:6557307] Error creating directory 
  
2026-08-28 10:41:30.624 Python[82157:6557307] Error creating directory 
  
2026-08-28 10:41:30.663 Python[82157:6557307] Error creating directory 
  
2026-08-28 10:41:30.702 Python[82157:6557307] Error creating directory 
  
2026-08-28 10:41:30.739 Python[82157:6557307] Error creating directory 
  
2026-08-28 10:41:30.748 Python[82157:6557307] Error creating directory 
  
2026-08-28 10:41:30.769 Python[82157:6557307] Error creating directory 
  
2026-08-28 10:41:30.791 Python[82157:6557307] Error creating directory 
  
2026-08-28 10:41:30.812 Python[82157:6557307] Error creating directory 
  
2026-08-28 10:41:30.835 Python[82157:6557307] Error creating directory 
  
2026-08-28 10:41:30.856 Python[82157:6557307] Error creating directory 
  
2026-08-28 10:41:30.909 Python[82157:6557307] Error creating directory 
  
2026-08-28 10:41:30.949 Python[82157:6557307] Error creating directory 
  
2026-08-28 10:41:30.989 Python[82157:6557307] Error creating directory 
  
2026-08-28 10:41:31.023 Python[82157:6557307] Error creating directory 
  
2026-08-28 10:41:31.065 Python[82157:6557307] Error creating directory 
  
2026-08-28 10:41:31.104 Python[82157:6557307] Error creating directory 
  
2026-08-28 10:41:31.145 Python[82157:6557307] Error creating directory 
  
2026-08-28 10:41:31.184 Python[82157:6557307] Error creating directory 
  
2026-08-28 10:41:31.220 Python[82157:6557307] Error creating directory 
  
2026-08-28 10:41:31.257 Python[82157:6557307] Error creating directory 
  
2026-08-28 10:41:31.290 Python[82157:6557307] Error creating directory 
  
2026-08-28 10:41:31.327 Python[82157:6557307] Error creating directory 
  
2026-08-28 10:41:31.364 Python[82157:6557307] Error creating directory 
  
WARNING:tensorflow:Layer lstm will not use cuDNN kernels since it doesn't meet the criteria. It will use a generic GPU kernel as fallback when running on GPU.
--- Logging error ---
WARNING:tensorflow:Layer lstm_1 will not use cuDNN kernels since it doesn't meet the criteria. It will use a generic GPU kernel as fallback when running on GPU.
--- Logging error ---
WARNING:tensorflow:Layer lstm_2 will not use cuDNN kernels since it doesn't meet the criteria. It will use a generic GPU kernel as fallback when running on GPU.
--- Logging error ---
WARNING:tensorflow:Layer lstm will not use cuDNN kernels since it doesn't meet the criteria. It will use a generic GPU kernel as fallback when running on GPU.
WARNING:tensorflow:Layer lstm_1 will not use cuDNN kernels since it doesn't meet the criteria. It will use a generic GPU kernel as fallback when running on GPU.
WARNING:tensorflow:Layer lstm_2 will not use cuDNN kernels since it doesn't meet the criteria. It will use a generic GPU kernel as fallback when running on GPU.
WARNING:tensorflow:Layer lstm will not use cuDNN kernels since it doesn't meet the criteria. It will use a generic GPU kernel as fallback when running on GPU.
WARNING:tensorflow:Layer lstm_1 will not use cuDNN kernels since it doesn't meet the criteria. It will use a generic GPU kernel as fallback when running on GPU.
WARNING:tensorflow:Layer lstm_2 will not use cuDNN kernels since it doesn't meet the criteria. It will use a generic GPU kernel as fallback when running on GPU.
WARNING:tensorflow:Layer lstm will not use cuDNN kernels since it doesn't meet the criteria. It will use a generic GPU kernel as fallback when running on GPU.
WARNING:tensorflow:Layer lstm_1 will not use cuDNN kernels since it doesn't meet the criteria. It will use a generic GPU kernel as fallback when running on GPU.
WARNING:tensorflow:Layer lstm_2 will not use cuDNN kernels since it doesn't meet the criteria. It will use a generic GPU kernel as fallback when running on GPU.
WARNING:tensorflow:Layer lstm will not use cuDNN kernels since it doesn't meet the criteria. It will use a generic GPU kernel as fallback when running on GPU.
WARNING:tensorflow:Layer lstm_1 will not use cuDNN kernels since it doesn't meet the criteria. It will use a generic GPU kernel as fallback when running on GPU.
WARNING:tensorflow:Layer lstm_2 will not use cuDNN kernels since it doesn't meet the criteria. It will use a generic GPU kernel as fallback when running on GPU.
WARNING:tensorflow:Layer lstm will not use cuDNN kernels since it doesn't meet the criteria. It will use a generic GPU kernel as fallback when running on GPU.
WARNING:tensorflow:Layer lstm_1 will not use cuDNN kernels since it doesn't meet the criteria. It will use a generic GPU kernel as fallback when running on GPU.
WARNING:tensorflow:Layer lstm_2 will not use cuDNN kernels since it doesn't meet the criteria. It will use a generic GPU kernel as fallback when running on GPU.
[PLAN] model=Legacy1DCNNLSTM targets=3 param_combos=8 cv=5
  plan: results/dl_peer_grid_cv/dl_peer_legacy1dcnnlstm_plan.csv
  contract: results/dl_peer_grid_cv/dl_peer_legacy1dcnnlstm_feature_contract.json
[CV] model=Legacy1DCNNLSTM target=ELEC_3-3-6 combo=1/8 fold=1/5 params={'batch_size': 64, 'epochs': 20, 'learning_rate': 0.001, 'loss': 'huber', 'patience': 5, 'seq_len': 3}
[CV] model=Legacy1DCNNLSTM target=ELEC_3-3-6 combo=1/8 fold=2/5 params={'batch_size': 64, 'epochs': 20, 'learning_rate': 0.001, 'loss': 'huber', 'patience': 5, 'seq_len': 3}
[CV] model=Legacy1DCNNLSTM target=ELEC_3-3-6 combo=1/8 fold=3/5 params={'batch_size': 64, 'epochs': 20, 'learning_rate': 0.001, 'loss': 'huber', 'patience': 5, 'seq_len': 3}
[CV] model=Legacy1DCNNLSTM target=ELEC_3-3-6 combo=1/8 fold=4/5 params={'batch_size': 64, 'epochs': 20, 'learning_rate': 0.001, 'loss': 'huber', 'patience': 5, 'seq_len': 3}
[CV] model=Legacy1DCNNLSTM target=ELEC_3-3-6 combo=1/8 fold=5/5 params={'batch_size': 64, 'epochs': 20, 'learning_rate': 0.001, 'loss': 'huber', 'patience': 5, 'seq_len': 3}
[CV] model=Legacy1DCNNLSTM target=ELEC_3-3-6 combo=2/8 fold=1/5 params={'batch_size': 64, 'epochs': 20, 'learning_rate': 0.001, 'loss': 'huber', 'patience': 5, 'seq_len': 6}
[CV] model=Legacy1DCNNLSTM target=ELEC_3-3-6 combo=2/8 fold=2/5 params={'batch_size': 64, 'epochs': 20, 'learning_rate': 0.001, 'loss': 'huber', 'patience': 5, 'seq_len': 6}
[CV] model=Legacy1DCNNLSTM target=ELEC_3-3-6 combo=2/8 fold=3/5 params={'batch_size': 64, 'epochs': 20, 'learning_rate': 0.001, 'loss': 'huber', 'patience': 5, 'seq_len': 6}
[CV] model=Legacy1DCNNLSTM target=ELEC_3-3-6 combo=2/8 fold=4/5 params={'batch_size': 64, 'epochs': 20, 'learning_rate': 0.001, 'loss': 'huber', 'patience': 5, 'seq_len': 6}
[CV] model=Legacy1DCNNLSTM target=ELEC_3-3-6 combo=2/8 fold=5/5 params={'batch_size': 64, 'epochs': 20, 'learning_rate': 0.001, 'loss': 'huber', 'patience': 5, 'seq_len': 6}
[CV] model=Legacy1DCNNLSTM target=ELEC_3-3-6 combo=3/8 fold=1/5 params={'batch_size': 64, 'epochs': 20, 'learning_rate': 0.0005, 'loss': 'huber', 'patience': 5, 'seq_len': 3}
[CV] model=Legacy1DCNNLSTM target=ELEC_3-3-6 combo=3/8 fold=2/5 params={'batch_size': 64, 'epochs': 20, 'learning_rate': 0.0005, 'loss': 'huber', 'patience': 5, 'seq_len': 3}
[CV] model=Legacy1DCNNLSTM target=ELEC_3-3-6 combo=3/8 fold=3/5 params={'batch_size': 64, 'epochs': 20, 'learning_rate': 0.0005, 'loss': 'huber', 'patience': 5, 'seq_len': 3}
[CV] model=Legacy1DCNNLSTM target=ELEC_3-3-6 combo=3/8 fold=4/5 params={'batch_size': 64, 'epochs': 20, 'learning_rate': 0.0005, 'loss': 'huber', 'patience': 5, 'seq_len': 3}
[CV] model=Legacy1DCNNLSTM target=ELEC_3-3-6 combo=3/8 fold=5/5 params={'batch_size': 64, 'epochs': 20, 'learning_rate': 0.0005, 'loss': 'huber', 'patience': 5, 'seq_len': 3}
[CV] model=Legacy1DCNNLSTM target=ELEC_3-3-6 combo=4/8 fold=1/5 params={'batch_size': 64, 'epochs': 20, 'learning_rate': 0.0005, 'loss': 'huber', 'patience': 5, 'seq_len': 6}
[CV] model=Legacy1DCNNLSTM target=ELEC_3-3-6 combo=4/8 fold=2/5 params={'batch_size': 64, 'epochs': 20, 'learning_rate': 0.0005, 'loss': 'huber', 'patience': 5, 'seq_len': 6}
[CV] model=Legacy1DCNNLSTM target=ELEC_3-3-6 combo=4/8 fold=3/5 params={'batch_size': 64, 'epochs': 20, 'learning_rate': 0.0005, 'loss': 'huber', 'patience': 5, 'seq_len': 6}
[CV] model=Legacy1DCNNLSTM target=ELEC_3-3-6 combo=4/8 fold=4/5 params={'batch_size': 64, 'epochs': 20, 'learning_rate': 0.0005, 'loss': 'huber', 'patience': 5, 'seq_len': 6}
[CV] model=Legacy1DCNNLSTM target=ELEC_3-3-6 combo=4/8 fold=5/5 params={'batch_size': 64, 'epochs': 20, 'learning_rate': 0.0005, 'loss': 'huber', 'patience': 5, 'seq_len': 6}
[CV] model=Legacy1DCNNLSTM target=ELEC_3-3-6 combo=5/8 fold=1/5 params={'batch_size': 128, 'epochs': 20, 'learning_rate': 0.001, 'loss': 'huber', 'patience': 5, 'seq_len': 3}
[CV] model=Legacy1DCNNLSTM target=ELEC_3-3-6 combo=5/8 fold=2/5 params={'batch_size': 128, 'epochs': 20, 'learning_rate': 0.001, 'loss': 'huber', 'patience': 5, 'seq_len': 3}
[CV] model=Legacy1DCNNLSTM target=ELEC_3-3-6 combo=5/8 fold=3/5 params={'batch_size': 128, 'epochs': 20, 'learning_rate': 0.001, 'loss': 'huber', 'patience': 5, 'seq_len': 3}
[CV] model=Legacy1DCNNLSTM target=ELEC_3-3-6 combo=5/8 fold=4/5 params={'batch_size': 128, 'epochs': 20, 'learning_rate': 0.001, 'loss': 'huber', 'patience': 5, 'seq_len': 3}
[CV] model=Legacy1DCNNLSTM target=ELEC_3-3-6 combo=5/8 fold=5/5 params={'batch_size': 128, 'epochs': 20, 'learning_rate': 0.001, 'loss': 'huber', 'patience': 5, 'seq_len': 3}
[CV] model=Legacy1DCNNLSTM target=ELEC_3-3-6 combo=6/8 fold=1/5 params={'batch_size': 128, 'epochs': 20, 'learning_rate': 0.001, 'loss': 'huber', 'patience': 5, 'seq_len': 6}
[CV] model=Legacy1DCNNLSTM target=ELEC_3-3-6 combo=6/8 fold=2/5 params={'batch_size': 128, 'epochs': 20, 'learning_rate': 0.001, 'loss': 'huber', 'patience': 5, 'seq_len': 6}
[CV] model=Legacy1DCNNLSTM target=ELEC_3-3-6 combo=6/8 fold=3/5 params={'batch_size': 128, 'epochs': 20, 'learning_rate': 0.001, 'loss': 'huber', 'patience': 5, 'seq_len': 6}
[CV] model=Legacy1DCNNLSTM target=ELEC_3-3-6 combo=6/8 fold=4/5 params={'batch_size': 128, 'epochs': 20, 'learning_rate': 0.001, 'loss': 'huber', 'patience': 5, 'seq_len': 6}
[CV] model=Legacy1DCNNLSTM target=ELEC_3-3-6 combo=6/8 fold=5/5 params={'batch_size': 128, 'epochs': 20, 'learning_rate': 0.001, 'loss': 'huber', 'patience': 5, 'seq_len': 6}
[CV] model=Legacy1DCNNLSTM target=ELEC_3-3-6 combo=7/8 fold=1/5 params={'batch_size': 128, 'epochs': 20, 'learning_rate': 0.0005, 'loss': 'huber', 'patience': 5, 'seq_len': 3}
[CV] model=Legacy1DCNNLSTM target=ELEC_3-3-6 combo=7/8 fold=2/5 params={'batch_size': 128, 'epochs': 20, 'learning_rate': 0.0005, 'loss': 'huber', 'patience': 5, 'seq_len': 3}
[CV] model=Legacy1DCNNLSTM target=ELEC_3-3-6 combo=7/8 fold=3/5 params={'batch_size': 128, 'epochs': 20, 'learning_rate': 0.0005, 'loss': 'huber', 'patience': 5, 'seq_len': 3}
[CV] model=Legacy1DCNNLSTM target=ELEC_3-3-6 combo=7/8 fold=4/5 params={'batch_size': 128, 'epochs': 20, 'learning_rate': 0.0005, 'loss': 'huber', 'patience': 5, 'seq_len': 3}
[CV] model=Legacy1DCNNLSTM target=ELEC_3-3-6 combo=7/8 fold=5/5 params={'batch_size': 128, 'epochs': 20, 'learning_rate': 0.0005, 'loss': 'huber', 'patience': 5, 'seq_len': 3}
[CV] model=Legacy1DCNNLSTM target=ELEC_3-3-6 combo=8/8 fold=1/5 params={'batch_size': 128, 'epochs': 20, 'learning_rate': 0.0005, 'loss': 'huber', 'patience': 5, 'seq_len': 6}
[CV] model=Legacy1DCNNLSTM target=ELEC_3-3-6 combo=8/8 fold=2/5 params={'batch_size': 128, 'epochs': 20, 'learning_rate': 0.0005, 'loss': 'huber', 'patience': 5, 'seq_len': 6}
[CV] model=Legacy1DCNNLSTM target=ELEC_3-3-6 combo=8/8 fold=3/5 params={'batch_size': 128, 'epochs': 20, 'learning_rate': 0.0005, 'loss': 'huber', 'patience': 5, 'seq_len': 6}
[CV] model=Legacy1DCNNLSTM target=ELEC_3-3-6 combo=8/8 fold=4/5 params={'batch_size': 128, 'epochs': 20, 'learning_rate': 0.0005, 'loss': 'huber', 'patience': 5, 'seq_len': 6}
[CV] model=Legacy1DCNNLSTM target=ELEC_3-3-6 combo=8/8 fold=5/5 params={'batch_size': 128, 'epochs': 20, 'learning_rate': 0.0005, 'loss': 'huber', 'patience': 5, 'seq_len': 6}
[CHECKPOINT] detail: results/dl_peer_grid_cv/dl_peer_legacy1dcnnlstm_fold_metrics.csv
[CV] model=Legacy1DCNNLSTM target=ELEC_1-8-3 combo=1/8 fold=1/5 params={'batch_size': 64, 'epochs': 20, 'learning_rate': 0.001, 'loss': 'huber', 'patience': 5, 'seq_len': 3}
[CV] model=Legacy1DCNNLSTM target=ELEC_1-8-3 combo=1/8 fold=2/5 params={'batch_size': 64, 'epochs': 20, 'learning_rate': 0.001, 'loss': 'huber', 'patience': 5, 'seq_len': 3}
[CV] model=Legacy1DCNNLSTM target=ELEC_1-8-3 combo=1/8 fold=3/5 params={'batch_size': 64, 'epochs': 20, 'learning_rate': 0.001, 'loss': 'huber', 'patience': 5, 'seq_len': 3}
[CV] model=Legacy1DCNNLSTM target=ELEC_1-8-3 combo=1/8 fold=4/5 params={'batch_size': 64, 'epochs': 20, 'learning_rate': 0.001, 'loss': 'huber', 'patience': 5, 'seq_len': 3}
[CV] model=Legacy1DCNNLSTM target=ELEC_1-8-3 combo=1/8 fold=5/5 params={'batch_size': 64, 'epochs': 20, 'learning_rate': 0.001, 'loss': 'huber', 'patience': 5, 'seq_len': 3}
WARNING:tensorflow:Layer lstm will not use cuDNN kernels since it doesn't meet the criteria. It will use a generic GPU kernel as fallback when running on GPU.
WARNING:tensorflow:Layer lstm_1 will not use cuDNN kernels since it doesn't meet the criteria. It will use a generic GPU kernel as fallback when running on GPU.
WARNING:tensorflow:Layer lstm_2 will not use cuDNN kernels since it doesn't meet the criteria. It will use a generic GPU kernel as fallback when running on GPU.
WARNING:tensorflow:Layer lstm will not use cuDNN kernels since it doesn't meet the criteria. It will use a generic GPU kernel as fallback when running on GPU.
WARNING:tensorflow:Layer lstm_1 will not use cuDNN kernels since it doesn't meet the criteria. It will use a generic GPU kernel as fallback when running on GPU.
WARNING:tensorflow:Layer lstm_2 will not use cuDNN kernels since it doesn't meet the criteria. It will use a generic GPU kernel as fallback when running on GPU.
WARNING:tensorflow:Layer lstm will not use cuDNN kernels since it doesn't meet the criteria. It will use a generic GPU kernel as fallback when running on GPU.
WARNING:tensorflow:Layer lstm_1 will not use cuDNN kernels since it doesn't meet the criteria. It will use a generic GPU kernel as fallback when running on GPU.
WARNING:tensorflow:Layer lstm_2 will not use cuDNN kernels since it doesn't meet the criteria. It will use a generic GPU kernel as fallback when running on GPU.
WARNING:tensorflow:Layer lstm will not use cuDNN kernels since it doesn't meet the criteria. It will use a generic GPU kernel as fallback when running on GPU.
WARNING:tensorflow:Layer lstm_1 will not use cuDNN kernels since it doesn't meet the criteria. It will use a generic GPU kernel as fallback when running on GPU.
WARNING:tensorflow:Layer lstm_2 will not use cuDNN kernels since it doesn't meet the criteria. It will use a generic GPU kernel as fallback when running on GPU.
WARNING:tensorflow:Layer lstm will not use cuDNN kernels since it doesn't meet the criteria. It will use a generic GPU kernel as fallback when running on GPU.
WARNING:tensorflow:Layer lstm_1 will not use cuDNN kernels since it doesn't meet the criteria. It will use a generic GPU kernel as fallback when running on GPU.
WARNING:tensorflow:Layer lstm_2 will not use cuDNN kernels since it doesn't meet the criteria. It will use a generic GPU kernel as fallback when running on GPU.
WARNING:tensorflow:Layer lstm will not use cuDNN kernels since it doesn't meet the criteria. It will use a generic GPU kernel as fallback when running on GPU.
WARNING:tensorflow:Layer lstm_1 will not use cuDNN kernels since it doesn't meet the criteria. It will use a generic GPU kernel as fallback when running on GPU.
WARNING:tensorflow:Layer lstm_2 will not use cuDNN kernels since it doesn't meet the criteria. It will use a generic GPU kernel as fallback when running on GPU.
WARNING:tensorflow:Layer lstm will not use cuDNN kernels since it doesn't meet the criteria. It will use a generic GPU kernel as fallback when running on GPU.
WARNING:tensorflow:Layer lstm_1 will not use cuDNN kernels since it doesn't meet the criteria. It will use a generic GPU kernel as fallback when running on GPU.
WARNING:tensorflow:Layer lstm_2 will not use cuDNN kernels since it doesn't meet the criteria. It will use a generic GPU kernel as fallback when running on GPU.
WARNING:tensorflow:Layer lstm will not use cuDNN kernels since it doesn't meet the criteria. It will use a generic GPU kernel as fallback when running on GPU.
WARNING:tensorflow:Layer lstm_1 will not use cuDNN kernels since it doesn't meet the criteria. It will use a generic GPU kernel as fallback when running on GPU.
WARNING:tensorflow:Layer lstm_2 will not use cuDNN kernels since it doesn't meet the criteria. It will use a generic GPU kernel as fallback when running on GPU.
WARNING:tensorflow:Layer lstm will not use cuDNN kernels since it doesn't meet the criteria. It will use a generic GPU kernel as fallback when running on GPU.
WARNING:tensorflow:Layer lstm_1 will not use cuDNN kernels since it doesn't meet the criteria. It will use a generic GPU kernel as fallback when running on GPU.
WARNING:tensorflow:Layer lstm_2 will not use cuDNN kernels since it doesn't meet the criteria. It will use a generic GPU kernel as fallback when running on GPU.
WARNING:tensorflow:Layer lstm will not use cuDNN kernels since it doesn't meet the criteria. It will use a generic GPU kernel as fallback when running on GPU.
WARNING:tensorflow:Layer lstm_1 will not use cuDNN kernels since it doesn't meet the criteria. It will use a generic GPU kernel as fallback when running on GPU.
WARNING:tensorflow:Layer lstm_2 will not use cuDNN kernels since it doesn't meet the criteria. It will use a generic GPU kernel as fallback when running on GPU.
WARNING:tensorflow:Layer lstm will not use cuDNN kernels since it doesn't meet the criteria. It will use a generic GPU kernel as fallback when running on GPU.
WARNING:tensorflow:Layer lstm_1 will not use cuDNN kernels since it doesn't meet the criteria. It will use a generic GPU kernel as fallback when running on GPU.
WARNING:tensorflow:Layer lstm_2 will not use cuDNN kernels since it doesn't meet the criteria. It will use a generic GPU kernel as fallback when running on GPU.
WARNING:tensorflow:Layer lstm will not use cuDNN kernels since it doesn't meet the criteria. It will use a generic GPU kernel as fallback when running on GPU.
WARNING:tensorflow:Layer lstm_1 will not use cuDNN kernels since it doesn't meet the criteria. It will use a generic GPU kernel as fallback when running on GPU.
WARNING:tensorflow:Layer lstm_2 will not use cuDNN kernels since it doesn't meet the criteria. It will use a generic GPU kernel as fallback when running on GPU.
WARNING:tensorflow:Layer lstm will not use cuDNN kernels since it doesn't meet the criteria. It will use a generic GPU kernel as fallback when running on GPU.
WARNING:tensorflow:Layer lstm_1 will not use cuDNN kernels since it doesn't meet the criteria. It will use a generic GPU kernel as fallback when running on GPU.
WARNING:tensorflow:Layer lstm_2 will not use cuDNN kernels since it doesn't meet the criteria. It will use a generic GPU kernel as fallback when running on GPU.
WARNING:tensorflow:Layer lstm will not use cuDNN kernels since it doesn't meet the criteria. It will use a generic GPU kernel as fallback when running on GPU.
WARNING:tensorflow:Layer lstm_1 will not use cuDNN kernels since it doesn't meet the criteria. It will use a generic GPU kernel as fallback when running on GPU.
WARNING:tensorflow:Layer lstm_2 will not use cuDNN kernels since it doesn't meet the criteria. It will use a generic GPU kernel as fallback when running on GPU.
WARNING:tensorflow:Layer lstm will not use cuDNN kernels since it doesn't meet the criteria. It will use a generic GPU kernel as fallback when running on GPU.
WARNING:tensorflow:Layer lstm_1 will not use cuDNN kernels since it doesn't meet the criteria. It will use a generic GPU kernel as fallback when running on GPU.
WARNING:tensorflow:Layer lstm_2 will not use cuDNN kernels since it doesn't meet the criteria. It will use a generic GPU kernel as fallback when running on GPU.
WARNING:tensorflow:Layer lstm will not use cuDNN kernels since it doesn't meet the criteria. It will use a generic GPU kernel as fallback when running on GPU.
WARNING:tensorflow:Layer lstm_1 will not use cuDNN kernels since it doesn't meet the criteria. It will use a generic GPU kernel as fallback when running on GPU.
WARNING:tensorflow:Layer lstm_2 will not use cuDNN kernels since it doesn't meet the criteria. It will use a generic GPU kernel as fallback when running on GPU.
