[STAGE6-PANEL] start=2026-07-28 16:38:57
[STAGE6-PANEL] step=train models=lightgbm
[STAGE6-PANEL] panel_mode=cluster
[STAGE6-PANEL] n_households=348 n_iter=60 cv_splits=5
[STAGE6-PANEL] max_groups_per_run=1 max_trials_per_run=1
[STAGE6-PANEL] target_mode=level scoring=r2
[STAGE6-PANEL] cluster_dir=/Users/labq_s.h.ryu/data/KIER_4_Clustered/seasonal_naive/kmeans cluster_resolution=10MIN
[STAGE6-PANEL] log_file=results/runtime/stage6_panel_20260728_163857.log
============================================================
[STAGE6-PANEL] Running LightGBM at 2026-07-28 16:38:57
============================================================
[PLAN] LightGBM: panel_mode=cluster groups=2 households=348 done_groups=0
  plan: results/stage6_panel_cluster/ml_lightgbm_cluster_checkpoint_plan.csv
[TRAIN] pending_groups=1
  [GROUP] (1/1) K0 households=219
    panel: train_rows=17917266 test_rows=3200685 memory=5.47GB
    trials: done=23 run_now=1 total=60
      trial 24/60 (1/1) score=-4.15239 time=18.9m
    partial K0: 24/60 trials complete
[STAGE6-PANEL] end=2026-07-28 16:58:24 status=success
