[STAGE6] start=2026-07-14 14:43:05
[STAGE6] step=train models=catboost,decisiontree,lightgbm,randomforest,xgboost
[STAGE6] n_households=1 n_iter=2 cv_splits=2
[STAGE6] max_households_per_run=1 max_trials_per_run=0
[STAGE6] target_mode=delta scoring=r2
[STAGE6] leakage_check=1
[STAGE6] log_file=results/runtime/stage6_checkpointed_20260714_144305.log
[STAGE6] Running leakage diagnostics before training
[LEAKAGE] (1/1) ELEC_1-8-4: candidates=0
[DONE] leakage_candidates=0 output=results/models/ml_leakage_diagnostics.csv
============================================================
[STAGE6] Running CatBoost at 2026-07-14 14:43:09
============================================================
[PLAN] CatBoost: total=1 done=0 pending_households=1 trial_checkpoint_dir=results/smoke_models/checkpoints/catboost
  plan: results/smoke_models/ml_catboost_checkpoint_plan.csv
[TRAIN] target households: 1
  [HOUSEHOLD] (1/1) ELEC_1-8-4
    trials: done=0 run_now=2 total=2
      trial 1/2 (1/2) score=-3.88856 time=0.1m checkpoint=results/smoke_models/checkpoints/catboost/ELEC_1-8-4_trials.csv
      trial 2/2 (2/2) score=-7.85374 time=0.1m checkpoint=results/smoke_models/checkpoints/catboost/ELEC_1-8-4_trials.csv
    done ELEC_1-8-4: trials=2 best_trial=1 MAE=0.0197 RMSE=0.0925 R2=0.0892 time=0.2m
============================================================
[STAGE6] Running DecisionTree at 2026-07-14 14:43:26
============================================================
[PLAN] DecisionTree: total=1 done=0 pending_households=1 trial_checkpoint_dir=results/smoke_models/checkpoints/decisiontree
  plan: results/smoke_models/ml_decisiontree_checkpoint_plan.csv
[TRAIN] target households: 1
  [HOUSEHOLD] (1/1) ELEC_1-8-4
    trials: done=0 run_now=2 total=2
      trial 1/2 (1/2) score=-2.25369 time=0.0m checkpoint=results/smoke_models/checkpoints/decisiontree/ELEC_1-8-4_trials.csv
      trial 2/2 (2/2) score=-7.12331 time=0.0m checkpoint=results/smoke_models/checkpoints/decisiontree/ELEC_1-8-4_trials.csv
    done ELEC_1-8-4: trials=2 best_trial=1 MAE=0.0206 RMSE=0.1150 R2=-0.4093 time=0.0m
============================================================
[STAGE6] Running LightGBM at 2026-07-14 14:43:32
============================================================
[PLAN] LightGBM: total=1 done=0 pending_households=1 trial_checkpoint_dir=results/smoke_models/checkpoints/lightgbm
  plan: results/smoke_models/ml_lightgbm_checkpoint_plan.csv
[TRAIN] target households: 1
  [HOUSEHOLD] (1/1) ELEC_1-8-4
    trials: done=0 run_now=2 total=2
/Users/labq_s.h.ryu/WS_TimeSerial_ClusterBoost_Energy/.venv/lib/python3.9/site-packages/sklearn/utils/validation.py:2739: UserWarning: X does not have valid feature names, but LGBMRegressor was fitted with feature names
  warnings.warn(
/Users/labq_s.h.ryu/WS_TimeSerial_ClusterBoost_Energy/.venv/lib/python3.9/site-packages/sklearn/utils/validation.py:2739: UserWarning: X does not have valid feature names, but LGBMRegressor was fitted with feature names
  warnings.warn(
      trial 1/2 (1/2) score=-6.71966 time=0.1m checkpoint=results/smoke_models/checkpoints/lightgbm/ELEC_1-8-4_trials.csv
/Users/labq_s.h.ryu/WS_TimeSerial_ClusterBoost_Energy/.venv/lib/python3.9/site-packages/sklearn/utils/validation.py:2739: UserWarning: X does not have valid feature names, but LGBMRegressor was fitted with feature names
  warnings.warn(
/Users/labq_s.h.ryu/WS_TimeSerial_ClusterBoost_Energy/.venv/lib/python3.9/site-packages/sklearn/utils/validation.py:2739: UserWarning: X does not have valid feature names, but LGBMRegressor was fitted with feature names
  warnings.warn(
      trial 2/2 (2/2) score=-7.03982 time=0.0m checkpoint=results/smoke_models/checkpoints/lightgbm/ELEC_1-8-4_trials.csv
/Users/labq_s.h.ryu/WS_TimeSerial_ClusterBoost_Energy/.venv/lib/python3.9/site-packages/sklearn/utils/validation.py:2739: UserWarning: X does not have valid feature names, but LGBMRegressor was fitted with feature names
  warnings.warn(
/Users/labq_s.h.ryu/WS_TimeSerial_ClusterBoost_Energy/.venv/lib/python3.9/site-packages/sklearn/utils/validation.py:2739: UserWarning: X does not have valid feature names, but LGBMRegressor was fitted with feature names
  warnings.warn(
    done ELEC_1-8-4: trials=2 best_trial=1 MAE=0.0232 RMSE=0.1019 R2=-0.1055 time=0.2m
============================================================
[STAGE6] Running RandomForest at 2026-07-14 14:43:47
============================================================
[PLAN] RandomForest: total=1 done=0 pending_households=1 trial_checkpoint_dir=results/smoke_models/checkpoints/randomforest
  plan: results/smoke_models/ml_randomforest_checkpoint_plan.csv
[TRAIN] target households: 1
  [HOUSEHOLD] (1/1) ELEC_1-8-4
    trials: done=0 run_now=2 total=2
      trial 1/2 (1/2) score=-0.27404 time=2.3m checkpoint=results/smoke_models/checkpoints/randomforest/ELEC_1-8-4_trials.csv
      trial 2/2 (2/2) score=-0.99693 time=5.9m checkpoint=results/smoke_models/checkpoints/randomforest/ELEC_1-8-4_trials.csv
    done ELEC_1-8-4: trials=2 best_trial=1 MAE=0.0199 RMSE=0.1155 R2=-0.4204 time=10.5m
============================================================
[STAGE6] Running XGBoost at 2026-07-14 14:54:18
============================================================
[PLAN] XGBoost: total=1 done=0 pending_households=1 trial_checkpoint_dir=results/smoke_models/checkpoints/xgboost
  plan: results/smoke_models/ml_xgboost_checkpoint_plan.csv
[TRAIN] target households: 1
  [HOUSEHOLD] (1/1) ELEC_1-8-4
    trials: done=0 run_now=2 total=2
      trial 1/2 (1/2) score=-5.21071 time=0.1m checkpoint=results/smoke_models/checkpoints/xgboost/ELEC_1-8-4_trials.csv
      trial 2/2 (2/2) score=-2.28037 time=0.0m checkpoint=results/smoke_models/checkpoints/xgboost/ELEC_1-8-4_trials.csv
    done ELEC_1-8-4: trials=2 best_trial=2 MAE=0.0210 RMSE=0.1008 R2=-0.0829 time=0.1m
[STAGE6] end=2026-07-14 14:54:30 status=success
