[LGBM-RESUME] start=2026-07-22 10:28:30 mode=global
[LGBM-RESUME] n_households=348 n_iter=60 cv_splits=5
[LGBM-RESUME] one completed trial is checkpointed before the next run starts
[LGBM-RESUME] before=1 at 2026-07-22 10:28:30
[STAGE6-PANEL] log_file=results/runtime/stage6_panel_20260722_102830.log
[LGBM-RESUME] after=2 rc=0 at 2026-07-22 10:38:24
[LGBM-RESUME] before=2 at 2026-07-22 10:38:24
[STAGE6-PANEL] log_file=results/runtime/stage6_panel_20260722_103824.log
[LGBM-RESUME] after=3 rc=0 at 2026-07-22 10:48:20
[LGBM-RESUME] before=3 at 2026-07-22 10:48:20
[STAGE6-PANEL] log_file=results/runtime/stage6_panel_20260722_104820.log
[LGBM-RESUME] after=4 rc=0 at 2026-07-22 10:59:58
[LGBM-RESUME] before=4 at 2026-07-22 10:59:58
[STAGE6-PANEL] log_file=results/runtime/stage6_panel_20260722_105958.log
[LGBM-RESUME] after=5 rc=0 at 2026-07-22 11:08:11
[LGBM-RESUME] before=5 at 2026-07-22 11:08:11
[STAGE6-PANEL] log_file=results/runtime/stage6_panel_20260722_110811.log
[LGBM-RESUME] after=6 rc=0 at 2026-07-22 11:16:14
[LGBM-RESUME] before=6 at 2026-07-22 11:16:14
[STAGE6-PANEL] log_file=results/runtime/stage6_panel_20260722_111614.log
[LGBM-RESUME] after=7 rc=0 at 2026-07-22 11:33:41
[LGBM-RESUME] before=7 at 2026-07-22 11:33:41
[STAGE6-PANEL] log_file=results/runtime/stage6_panel_20260722_113341.log
[LGBM-RESUME] after=8 rc=0 at 2026-07-22 11:49:23
[LGBM-RESUME] before=8 at 2026-07-22 11:49:23
[STAGE6-PANEL] log_file=results/runtime/stage6_panel_20260722_114923.log
[LGBM-RESUME] after=9 rc=0 at 2026-07-22 12:00:14
[LGBM-RESUME] before=9 at 2026-07-22 12:00:14
[STAGE6-PANEL] log_file=results/runtime/stage6_panel_20260722_120014.log
[LGBM-RESUME] after=10 rc=0 at 2026-07-22 12:17:45
[LGBM-RESUME] before=10 at 2026-07-22 12:17:45
[STAGE6-PANEL] log_file=results/runtime/stage6_panel_20260722_121745.log
[LGBM-RESUME] after=11 rc=0 at 2026-07-22 12:38:37
[LGBM-RESUME] before=11 at 2026-07-22 12:38:37
[STAGE6-PANEL] log_file=results/runtime/stage6_panel_20260722_123837.log
[LGBM-RESUME] after=12 rc=0 at 2026-07-22 13:05:31
[LGBM-RESUME] before=12 at 2026-07-22 13:05:31
[STAGE6-PANEL] log_file=results/runtime/stage6_panel_20260722_130531.log
[LGBM-RESUME] after=13 rc=0 at 2026-07-22 13:18:26
[LGBM-RESUME] before=13 at 2026-07-22 13:18:26
[STAGE6-PANEL] log_file=results/runtime/stage6_panel_20260722_131826.log
[LGBM-RESUME] after=14 rc=0 at 2026-07-22 13:43:11
[LGBM-RESUME] before=14 at 2026-07-22 13:43:11
[STAGE6-PANEL] log_file=results/runtime/stage6_panel_20260722_134311.log
[LGBM-RESUME] after=15 rc=0 at 2026-07-22 14:15:45
[LGBM-RESUME] before=15 at 2026-07-22 14:15:45
[STAGE6-PANEL] log_file=results/runtime/stage6_panel_20260722_141545.log
[LGBM-RESUME] after=16 rc=0 at 2026-07-22 14:35:07
[LGBM-RESUME] before=16 at 2026-07-22 14:35:07
[STAGE6-PANEL] log_file=results/runtime/stage6_panel_20260722_143507.log
[LGBM-RESUME] after=17 rc=0 at 2026-07-22 15:02:25
[LGBM-RESUME] before=17 at 2026-07-22 15:02:25
[STAGE6-PANEL] log_file=results/runtime/stage6_panel_20260722_150225.log
[LGBM-RESUME] after=18 rc=0 at 2026-07-22 15:28:49
[LGBM-RESUME] before=18 at 2026-07-22 15:28:49
[STAGE6-PANEL] log_file=results/runtime/stage6_panel_20260722_152849.log
[LGBM-RESUME] after=19 rc=0 at 2026-07-22 15:39:07
[LGBM-RESUME] before=19 at 2026-07-22 15:39:07
[STAGE6-PANEL] log_file=results/runtime/stage6_panel_20260722_153907.log
[LGBM-RESUME] after=20 rc=0 at 2026-07-22 16:01:31
[LGBM-RESUME] before=20 at 2026-07-22 16:01:31
[STAGE6-PANEL] log_file=results/runtime/stage6_panel_20260722_160131.log
[LGBM-RESUME] after=21 rc=0 at 2026-07-22 16:36:30
[LGBM-RESUME] before=21 at 2026-07-22 16:36:30
[STAGE6-PANEL] log_file=results/runtime/stage6_panel_20260722_163630.log
[LGBM-RESUME] after=22 rc=0 at 2026-07-22 16:53:47
[LGBM-RESUME] before=22 at 2026-07-22 16:53:47
[STAGE6-PANEL] log_file=results/runtime/stage6_panel_20260722_165347.log
[LGBM-RESUME] after=23 rc=0 at 2026-07-22 17:12:57
[LGBM-RESUME] before=23 at 2026-07-22 17:12:57
[STAGE6-PANEL] log_file=results/runtime/stage6_panel_20260722_171257.log
[LGBM-RESUME] after=24 rc=0 at 2026-07-22 17:32:27
[LGBM-RESUME] before=24 at 2026-07-22 17:32:27
[STAGE6-PANEL] log_file=results/runtime/stage6_panel_20260722_173227.log
[LGBM-RESUME] after=25 rc=0 at 2026-07-22 17:38:58
[LGBM-RESUME] before=25 at 2026-07-22 17:38:58
[STAGE6-PANEL] log_file=results/runtime/stage6_panel_20260722_173858.log
[LGBM-RESUME] after=26 rc=0 at 2026-07-22 17:51:32
[LGBM-RESUME] before=26 at 2026-07-22 17:51:32
[STAGE6-PANEL] log_file=results/runtime/stage6_panel_20260722_175132.log
[LGBM-RESUME] after=27 rc=0 at 2026-07-22 18:02:13
[LGBM-RESUME] before=27 at 2026-07-22 18:02:13
[STAGE6-PANEL] log_file=results/runtime/stage6_panel_20260722_180213.log
[LGBM-RESUME] after=28 rc=0 at 2026-07-22 18:12:53
[LGBM-RESUME] before=28 at 2026-07-22 18:12:53
[STAGE6-PANEL] log_file=results/runtime/stage6_panel_20260722_181253.log
[LGBM-RESUME] after=29 rc=0 at 2026-07-22 18:41:27
[LGBM-RESUME] before=29 at 2026-07-22 18:41:27
[STAGE6-PANEL] log_file=results/runtime/stage6_panel_20260722_184127.log
[LGBM-RESUME] after=30 rc=0 at 2026-07-22 19:03:12
[LGBM-RESUME] before=30 at 2026-07-22 19:03:12
[STAGE6-PANEL] log_file=results/runtime/stage6_panel_20260722_190312.log
[LGBM-RESUME] after=31 rc=0 at 2026-07-23 09:30:26
[LGBM-RESUME] before=31 at 2026-07-23 09:30:26
[STAGE6-PANEL] log_file=results/runtime/stage6_panel_20260723_093026.log
[LGBM-RESUME] after=32 rc=0 at 2026-07-23 09:39:51
[LGBM-RESUME] before=32 at 2026-07-23 09:39:51
[STAGE6-PANEL] log_file=results/runtime/stage6_panel_20260723_093951.log
[LGBM-RESUME] after=33 rc=0 at 2026-07-23 09:52:53
[LGBM-RESUME] before=33 at 2026-07-23 09:52:53
[STAGE6-PANEL] log_file=results/runtime/stage6_panel_20260723_095253.log
[LGBM-RESUME] after=34 rc=0 at 2026-07-23 10:13:11
[LGBM-RESUME] before=34 at 2026-07-23 10:13:11
[STAGE6-PANEL] log_file=results/runtime/stage6_panel_20260723_101311.log
[LGBM-RESUME] after=35 rc=0 at 2026-07-23 10:21:28
[LGBM-RESUME] before=35 at 2026-07-23 10:21:28
[STAGE6-PANEL] log_file=results/runtime/stage6_panel_20260723_102128.log
[LGBM-RESUME] start=2026-07-23 10:24:48 mode=global
[LGBM-RESUME] n_households=348 n_iter=60 cv_splits=5
[LGBM-RESUME] one completed trial is checkpointed before the next run starts
[LGBM-RESUME] before=35 at 2026-07-23 10:24:48
[ERROR] Stage 6 panel already running with pid=49259
[LGBM-RESUME] after=35 rc=3 at 2026-07-23 10:24:48
[LGBM-RESUME] no checkpoint progress, failures=1/2
[LGBM-RESUME] before=35 at 2026-07-23 10:24:48
[ERROR] Stage 6 panel already running with pid=49259
[LGBM-RESUME] after=35 rc=3 at 2026-07-23 10:24:48
[LGBM-RESUME] no checkpoint progress, failures=2/2
[LGBM-RESUME] stopping after repeated no-progress runs
[LGBM-RESUME] start=2026-07-23 10:30:58 mode=global
[LGBM-RESUME] n_households=348 n_iter=60 cv_splits=5
[LGBM-RESUME] one completed trial is checkpointed before the next run starts
[LGBM-RESUME] before=35 at 2026-07-23 10:30:59
[STAGE6-PANEL] log_file=results/runtime/stage6_panel_20260723_103059.log
[LGBM-RESUME] after=36 rc=0 at 2026-07-23 10:46:52
[LGBM-RESUME] before=36 at 2026-07-23 10:46:52
[STAGE6-PANEL] log_file=results/runtime/stage6_panel_20260723_104652.log
[LGBM-RESUME] after=36 rc=0 at 2026-07-23 11:03:04
[LGBM-RESUME] before=36 at 2026-07-23 11:03:04
[STAGE6-PANEL] log_file=results/runtime/stage6_panel_20260723_110304.log
[LGBM-RESUME] after=37 rc=0 at 2026-07-23 11:24:22
[LGBM-RESUME] before=37 at 2026-07-23 11:24:22
[STAGE6-PANEL] log_file=results/runtime/stage6_panel_20260723_112422.log
[LGBM-RESUME] after=37 rc=0 at 2026-07-23 11:38:38
[LGBM-RESUME] before=37 at 2026-07-23 11:38:38
[STAGE6-PANEL] log_file=results/runtime/stage6_panel_20260723_113838.log
[LGBM-RESUME] after=38 rc=0 at 2026-07-23 12:02:16
[LGBM-RESUME] before=38 at 2026-07-23 12:02:16
[STAGE6-PANEL] log_file=results/runtime/stage6_panel_20260723_120216.log
[LGBM-RESUME] after=38 rc=0 at 2026-07-23 12:15:39
[LGBM-RESUME] before=38 at 2026-07-23 12:15:39
[STAGE6-PANEL] log_file=results/runtime/stage6_panel_20260723_121539.log
[LGBM-RESUME] after=39 rc=0 at 2026-07-23 12:24:20
[LGBM-RESUME] before=39 at 2026-07-23 12:24:20
[STAGE6-PANEL] log_file=results/runtime/stage6_panel_20260723_122420.log
[LGBM-RESUME] after=39 rc=0 at 2026-07-23 12:37:58
[LGBM-RESUME] before=39 at 2026-07-23 12:37:58
[STAGE6-PANEL] log_file=results/runtime/stage6_panel_20260723_123758.log
[LGBM-RESUME] after=40 rc=0 at 2026-07-23 13:00:01
[LGBM-RESUME] before=40 at 2026-07-23 13:00:01
[STAGE6-PANEL] log_file=results/runtime/stage6_panel_20260723_130001.log
[LGBM-RESUME] after=40 rc=0 at 2026-07-23 13:13:52
[LGBM-RESUME] before=40 at 2026-07-23 13:13:52
[STAGE6-PANEL] log_file=results/runtime/stage6_panel_20260723_131352.log
[LGBM-RESUME] after=41 rc=0 at 2026-07-23 13:25:36
[LGBM-RESUME] before=41 at 2026-07-23 13:25:36
[STAGE6-PANEL] log_file=results/runtime/stage6_panel_20260723_132536.log
[LGBM-RESUME] after=41 rc=0 at 2026-07-23 13:41:38
[LGBM-RESUME] before=41 at 2026-07-23 13:41:38
[STAGE6-PANEL] log_file=results/runtime/stage6_panel_20260723_134138.log
[LGBM-RESUME] after=42 rc=0 at 2026-07-23 14:17:37
[LGBM-RESUME] before=42 at 2026-07-23 14:17:37
[STAGE6-PANEL] log_file=results/runtime/stage6_panel_20260723_141737.log
[LGBM-RESUME] after=42 rc=0 at 2026-07-23 14:33:19
[LGBM-RESUME] before=42 at 2026-07-23 14:33:19
[STAGE6-PANEL] log_file=results/runtime/stage6_panel_20260723_143319.log
[LGBM-RESUME] after=43 rc=0 at 2026-07-23 14:52:45
[LGBM-RESUME] before=43 at 2026-07-23 14:52:45
[STAGE6-PANEL] log_file=results/runtime/stage6_panel_20260723_145245.log
[LGBM-RESUME] after=43 rc=0 at 2026-07-23 15:06:12
[LGBM-RESUME] before=43 at 2026-07-23 15:06:12
[STAGE6-PANEL] log_file=results/runtime/stage6_panel_20260723_150612.log
[LGBM-RESUME] after=44 rc=0 at 2026-07-23 15:15:28
[LGBM-RESUME] before=44 at 2026-07-23 15:15:28
[STAGE6-PANEL] log_file=results/runtime/stage6_panel_20260723_151528.log
[LGBM-RESUME] after=44 rc=0 at 2026-07-23 15:30:55
[LGBM-RESUME] before=44 at 2026-07-23 15:30:55
[STAGE6-PANEL] log_file=results/runtime/stage6_panel_20260723_153055.log
[LGBM-RESUME] after=45 rc=0 at 2026-07-23 15:50:20
[LGBM-RESUME] before=45 at 2026-07-23 15:50:20
[STAGE6-PANEL] log_file=results/runtime/stage6_panel_20260723_155020.log
[LGBM-RESUME] after=45 rc=0 at 2026-07-23 16:05:23
[LGBM-RESUME] before=45 at 2026-07-23 16:05:23
[STAGE6-PANEL] log_file=results/runtime/stage6_panel_20260723_160523.log
[LGBM-RESUME] after=46 rc=0 at 2026-07-23 16:15:02
[LGBM-RESUME] before=46 at 2026-07-23 16:15:02
[STAGE6-PANEL] log_file=results/runtime/stage6_panel_20260723_161502.log
[LGBM-RESUME] after=46 rc=0 at 2026-07-23 16:30:51
[LGBM-RESUME] before=46 at 2026-07-23 16:30:51
[STAGE6-PANEL] log_file=results/runtime/stage6_panel_20260723_163051.log
[LGBM-RESUME] after=47 rc=0 at 2026-07-23 16:46:15
[LGBM-RESUME] before=47 at 2026-07-23 16:46:15
[STAGE6-PANEL] log_file=results/runtime/stage6_panel_20260723_164615.log
[LGBM-RESUME] after=47 rc=0 at 2026-07-23 17:07:04
[LGBM-RESUME] before=47 at 2026-07-23 17:07:04
[STAGE6-PANEL] log_file=results/runtime/stage6_panel_20260723_170704.log
[LGBM-RESUME] after=48 rc=0 at 2026-07-23 17:38:47
[LGBM-RESUME] before=48 at 2026-07-23 17:38:47
[STAGE6-PANEL] log_file=results/runtime/stage6_panel_20260723_173847.log
[LGBM-RESUME] after=48 rc=0 at 2026-07-23 18:04:41
[LGBM-RESUME] before=48 at 2026-07-23 18:04:41
[STAGE6-PANEL] log_file=results/runtime/stage6_panel_20260723_180441.log
[LGBM-RESUME] after=49 rc=0 at 2026-07-24 09:34:46
[LGBM-RESUME] before=49 at 2026-07-24 09:34:46
[STAGE6-PANEL] log_file=results/runtime/stage6_panel_20260724_093446.log
[LGBM-RESUME] start=2026-07-24 09:45:57 mode=global
[LGBM-RESUME] n_households=348 n_iter=60 cv_splits=5
[LGBM-RESUME] one completed trial is checkpointed before the next run starts
[LGBM-RESUME] before=49 at 2026-07-24 09:45:57
[ERROR] Stage 6 panel already running with pid=408
[LGBM-RESUME] after=49 rc=3 at 2026-07-24 09:45:57
[LGBM-RESUME] no checkpoint progress, failures=1/2
[LGBM-RESUME] before=49 at 2026-07-24 09:45:57
[ERROR] Stage 6 panel already running with pid=408
[LGBM-RESUME] after=49 rc=3 at 2026-07-24 09:45:57
[LGBM-RESUME] no checkpoint progress, failures=2/2
[LGBM-RESUME] stopping after repeated no-progress runs
[LGBM-RESUME] start=2026-07-24 09:46:45 mode=global
[LGBM-RESUME] n_households=348 n_iter=60 cv_splits=5
[LGBM-RESUME] one completed trial is checkpointed before the next run starts
[LGBM-RESUME] before=49 at 2026-07-24 09:46:45
[STAGE6-PANEL] log_file=results/runtime/stage6_panel_20260724_094645.log
[LGBM-RESUME] after=49 rc=127 at 2026-07-24 10:12:15
[LGBM-RESUME] before=49 at 2026-07-24 10:12:15
[STAGE6-PANEL] log_file=results/runtime/stage6_panel_20260724_101215.log
[LGBM-RESUME] after=50 rc=0 at 2026-07-24 11:45:29
[LGBM-RESUME] before=50 at 2026-07-24 11:45:29
[STAGE6-PANEL] log_file=results/runtime/stage6_panel_20260724_114529.log
[LGBM-RESUME] after=50 rc=127 at 2026-07-24 12:05:42
[LGBM-RESUME] before=50 at 2026-07-24 12:05:42
[STAGE6-PANEL] log_file=results/runtime/stage6_panel_20260724_120542.log
[LGBM-RESUME] after=50 rc=0 at 2026-07-24 12:45:27
[LGBM-RESUME] before=50 at 2026-07-24 12:45:27
[STAGE6-PANEL] log_file=results/runtime/stage6_panel_20260724_124528.log
[LGBM-RESUME] after=51 rc=0 at 2026-07-24 13:07:56
[LGBM-RESUME] before=51 at 2026-07-24 13:07:56
[STAGE6-PANEL] log_file=results/runtime/stage6_panel_20260724_130756.log
[LGBM-RESUME] after=51 rc=0 at 2026-07-24 14:06:50
[LGBM-RESUME] before=51 at 2026-07-24 14:06:50
[STAGE6-PANEL] log_file=results/runtime/stage6_panel_20260724_140651.log
[LGBM-RESUME] after=52 rc=0 at 2026-07-24 14:28:01
[LGBM-RESUME] before=52 at 2026-07-24 14:28:01
[STAGE6-PANEL] log_file=results/runtime/stage6_panel_20260724_142801.log
[LGBM-RESUME] after=51 rc=0 at 2026-07-24 14:43:49
[LGBM-RESUME] before=51 at 2026-07-24 14:43:49
[STAGE6-PANEL] log_file=results/runtime/stage6_panel_20260724_144349.log
[LGBM-RESUME] after=53 rc=0 at 2026-07-24 15:46:15
[LGBM-RESUME] before=53 at 2026-07-24 15:46:15
[STAGE6-PANEL] log_file=results/runtime/stage6_panel_20260724_154615.log
[LGBM-RESUME] after=52 rc=0 at 2026-07-24 15:54:15
[LGBM-RESUME] before=52 at 2026-07-24 15:54:15
[STAGE6-PANEL] log_file=results/runtime/stage6_panel_20260724_155415.log
[LGBM-RESUME] after=52 rc=0 at 2026-07-24 16:09:08
[LGBM-RESUME] before=52 at 2026-07-24 16:09:08
[STAGE6-PANEL] log_file=results/runtime/stage6_panel_20260724_160908.log
[LGBM-RESUME] after=53 rc=0 at 2026-07-24 16:52:41
[LGBM-RESUME] before=53 at 2026-07-24 16:52:41
[STAGE6-PANEL] log_file=results/runtime/stage6_panel_20260724_165241.log
[LGBM-RESUME] after=54 rc=0 at 2026-07-24 16:54:16
[LGBM-RESUME] before=54 at 2026-07-24 16:54:16
[STAGE6-PANEL] log_file=results/runtime/stage6_panel_20260724_165416.log
[LGBM-RESUME] after=53 rc=0 at 2026-07-24 17:06:31
[LGBM-RESUME] before=53 at 2026-07-24 17:06:31
[STAGE6-PANEL] log_file=results/runtime/stage6_panel_20260724_170631.log
[LGBM-RESUME] after=55 rc=0 at 2026-07-24 17:49:31
[LGBM-RESUME] before=55 at 2026-07-24 17:49:32
[STAGE6-PANEL] log_file=results/runtime/stage6_panel_20260724_174932.log
[LGBM-RESUME] after=55 rc=0 at 2026-07-24 18:02:10
[LGBM-RESUME] before=55 at 2026-07-24 18:02:10
[STAGE6-PANEL] log_file=results/runtime/stage6_panel_20260724_180210.log
[LGBM-RESUME] after=56 rc=0 at 2026-07-24 18:18:50
[LGBM-RESUME] before=56 at 2026-07-24 18:18:50
[STAGE6-PANEL] log_file=results/runtime/stage6_panel_20260724_181850.log
[LGBM-RESUME] after=54 rc=0 at 2026-07-25 02:52:10
[LGBM-RESUME] before=54 at 2026-07-25 02:52:10
[STAGE6-PANEL] log_file=results/runtime/stage6_panel_20260725_025210.log
[LGBM-RESUME] after=57 rc=0 at 2026-07-25 02:54:28
[LGBM-RESUME] before=57 at 2026-07-25 02:54:28
[STAGE6-PANEL] log_file=results/runtime/stage6_panel_20260725_025428.log
[LGBM-RESUME] after=56 rc=0 at 2026-07-25 02:58:48
[LGBM-RESUME] before=56 at 2026-07-25 02:58:48
[STAGE6-PANEL] log_file=results/runtime/stage6_panel_20260725_025848.log
[LGBM-RESUME] after=57 rc=0 at 2026-07-25 03:47:32
[LGBM-RESUME] before=57 at 2026-07-25 03:47:32
[STAGE6-PANEL] log_file=results/runtime/stage6_panel_20260725_034732.log
[LGBM-RESUME] after=58 rc=0 at 2026-07-25 16:45:52
[LGBM-RESUME] before=58 at 2026-07-25 16:45:52
[STAGE6-PANEL] log_file=results/runtime/stage6_panel_20260725_164552.log
[LGBM-RESUME] after=55 rc=0 at 2026-07-25 17:14:28
[LGBM-RESUME] before=55 at 2026-07-25 17:14:28
[STAGE6-PANEL] log_file=results/runtime/stage6_panel_20260725_171428.log
[LGBM-RESUME] after=56 rc=0 at 2026-07-25 17:40:50
[LGBM-RESUME] before=56 at 2026-07-25 17:40:50
[STAGE6-PANEL] log_file=results/runtime/stage6_panel_20260725_174050.log
[LGBM-RESUME] after=58 rc=0 at 2026-07-25 17:53:26
[LGBM-RESUME] before=58 at 2026-07-25 17:53:26
[STAGE6-PANEL] log_file=results/runtime/stage6_panel_20260725_175326.log
[LGBM-RESUME] after=57 rc=0 at 2026-07-25 18:07:05
[LGBM-RESUME] before=57 at 2026-07-25 18:07:05
[STAGE6-PANEL] log_file=results/runtime/stage6_panel_20260725_180705.log
[LGBM-RESUME] after=59 rc=0 at 2026-07-25 18:12:06
[LGBM-RESUME] before=59 at 2026-07-25 18:12:06
[STAGE6-PANEL] log_file=results/runtime/stage6_panel_20260725_181206.log
[LGBM-RESUME] after=58 rc=0 at 2026-07-27 14:39:25
[LGBM-RESUME] before=58 at 2026-07-27 14:39:25
[STAGE6-PANEL] log_file=results/runtime/stage6_panel_20260727_143925.log
[LGBM-RESUME] after=59 rc=0 at 2026-07-27 14:50:03
[LGBM-RESUME] before=59 at 2026-07-27 14:50:03
[STAGE6-PANEL] log_file=results/runtime/stage6_panel_20260727_145003.log
[LGBM-RESUME] after=59 rc=0 at 2026-07-27 14:56:41
[LGBM-RESUME] no checkpoint progress, failures=1/2
[LGBM-RESUME] before=59 at 2026-07-27 14:56:41
[STAGE6-PANEL] log_file=results/runtime/stage6_panel_20260727_145641.log
[LGBM-RESUME] after=59 rc=0 at 2026-07-27 14:56:50
[LGBM-RESUME] no checkpoint progress, failures=2/2
[LGBM-RESUME] stopping after repeated no-progress runs
[LGBM-RESUME] after=59 rc=0 at 2026-07-27 15:36:42
[LGBM-RESUME] before=59 at 2026-07-27 15:36:42
[STAGE6-PANEL] log_file=results/runtime/stage6_panel_20260727_153642.log
[LGBM-RESUME] after=59 rc=0 at 2026-07-27 15:36:51
[LGBM-RESUME] no checkpoint progress, failures=1/2
[LGBM-RESUME] before=59 at 2026-07-27 15:36:51
[STAGE6-PANEL] log_file=results/runtime/stage6_panel_20260727_153651.log
[LGBM-RESUME] after=59 rc=0 at 2026-07-27 15:36:59
[LGBM-RESUME] no checkpoint progress, failures=2/2
[LGBM-RESUME] stopping after repeated no-progress runs
[LGBM-RESUME] after=60 rc=0 at 2026-07-27 15:46:32
src/run_stage6_lgbm_resumable.sh: line 109: break: only meaningful in a `for', `while', or `until' loop
src/run_stage6_lgbm_resumable.sh: line 111: syntax error near unexpected token `done'
